=== Scenario Capture ===
Loaded scenario: duration=3000ms dshot_speed=4800000 bidir_motors=[0, 2] core1_interval_us=None
Session: /sd/dshot_captures/2026-09-27_18-30-01

Arming for 2000ms...
Armed after 4542ms.

Running scenario for 3000ms...
  [    1.0s] records=257 nonzero=257 missed=2062 rate=256.5/s largest_gap=11.8ms
  [    2.0s] records=518 nonzero=518 missed=4098 rate=258.5/s largest_gap=11.8ms

Scenario duration complete.

Stopping...
Motors stopped and disarmed.
SD card flushed and unmounted.

=== Summary ===
Session: /sd/dshot_captures/2026-09-27_18-30-01
Outcome: completed
Records (captures seen for the first time): 770
Records with a real (non-all-zero) reply: 770
Captures published (last sequence per motor): {0: 9533, 2: 9534}
Captures published but never seen: 6123
Largest gap between records: 11.8ms
Oldest capture at the moment it was read: 8.1ms
Longest gap between update() calls (measured on Core 1): 8.9ms
Motor 0 decoded on the device (every 20th capture): decoded=38 crc_ok=38 crc_fail=0 invalid=0 median_erpm=21246
Motor 2 decoded on the device (every 20th capture): decoded=38 crc_ok=38 crc_fail=0 invalid=0 median_erpm=21614
=== Test Complete ===
