=== Scenario Capture ===
Loaded scenario: duration=3000ms dshot_speed=4800000 bidir_motors=[0, 2] core1_interval_us=None arming_frame_gap_us=0
Session: /sd/dshot_captures/2026-09-28_20-10-56

Arming for 2000ms...
Armed after 2124ms.

Running scenario for 3000ms...
  [    1.0s] records=254 nonzero=254 missed=1544 rate=254.0/s largest_gap=9.8ms
  [    2.0s] records=510 nonzero=510 missed=3057 rate=254.7/s largest_gap=9.8ms

Scenario duration complete.

Stopping...
Motors stopped and disarmed.
SD card flushed and unmounted.

=== Summary ===
Session: /sd/dshot_captures/2026-09-28_20-10-56
Outcome: completed
Records (captures seen for the first time): 757
Records with a real (non-all-zero) reply: 757
Captures published (last sequence per motor): {0: 5055, 2: 5055}
Captures published but never seen: 4550
Largest gap between records: 16.5ms
Oldest capture at the moment it was read: 2.2ms
Longest gap between update() calls (measured on Core 1): 14.5ms
Packets sent while arming: 2024 (min 217us, max 14432us, avg 1037us)
Motor 0 ground-truth captures while arming (not_running/low/other): 1622/0/3440
Motor 2 ground-truth captures while arming (not_running/low/other): 1622/0/3440
Motor 0 decoded on the device (every 20th capture): decoded=37 crc_ok=37 crc_fail=0 invalid=0 median_erpm=22321
Motor 2 decoded on the device (every 20th capture): decoded=37 crc_ok=37 crc_fail=0 invalid=0 median_erpm=22455
=== Test Complete ===
