=== Scenario Capture ===
Loaded scenario: duration=3000ms dshot_speed=4800000 bidir_motors=[0, 2] core1_interval_us=None arming_frame_gap_us=0
Session: /sd/dshot_captures/2026-09-29_07-49-49

Arming for 2000ms...
Armed after 2104ms.

Running scenario for 3000ms...
  [    1.0s] records=256 nonzero=256 missed=1646 rate=255.7/s largest_gap=10.0ms
  [    2.0s] records=513 nonzero=513 missed=3262 rate=256.2/s largest_gap=10.0ms

Scenario duration complete.

Stopping...
Motors stopped and disarmed.
SD card flushed and unmounted.

=== Summary ===
Session: /sd/dshot_captures/2026-09-29_07-49-49
Outcome: completed
Records (captures seen for the first time): 759
Records with a real (non-all-zero) reply: 759
Captures published (last sequence per motor): {0: 5315, 2: 5315}
Captures published but never seen: 4850
Largest gap between records: 16.7ms
Oldest capture at the moment it was read: 2.3ms
Longest gap between update() calls (measured on Core 1): 14.5ms
Packets sent while arming: 2132 (min 615us, max 14488us, avg 985us)
Motor 0 decoded on the device (every 20th capture): decoded=37 crc_ok=37 crc_fail=0 invalid=0 median_erpm=21866
Motor 2 decoded on the device (every 20th capture): decoded=37 crc_ok=37 crc_fail=0 invalid=0 median_erpm=22455
=== Test Complete ===
