=== Scenario Capture ===
Loaded scenario: duration=3000ms dshot_speed=4800000 bidir_motors=[0, 2] core1_interval_us=None
Session: /sd/dshot_captures/2026-09-27_18-57-06

Arming for 2000ms...
Armed after 2498ms.

Running scenario for 3000ms...
  [    1.0s] records=230 nonzero=230 missed=2150 rate=229.8/s largest_gap=51.9ms
  [    2.0s] records=460 nonzero=460 missed=4253 rate=229.8/s largest_gap=51.9ms

Scenario duration complete.

Stopping...
Motors stopped and disarmed.
SD card flushed and unmounted.

=== Summary ===
Session: /sd/dshot_captures/2026-09-27_18-57-06
Outcome: completed
Records (captures seen for the first time): 688
Records with a real (non-all-zero) reply: 688
Captures published (last sequence per motor): {0: 7112, 2: 7113}
Captures published but never seen: 6377
Largest gap between records: 52.1ms
Oldest capture at the moment it was read: 8.7ms
Longest gap between update() calls (measured on Core 1): 8.8ms
Motor 0 decoded on the device (every 20th capture): decoded=34 crc_ok=34 crc_fail=0 invalid=0 median_erpm=21368
Motor 2 decoded on the device (every 20th capture): decoded=34 crc_ok=34 crc_fail=0 invalid=0 median_erpm=21246
=== Test Complete ===
