=== Scenario Capture ===
Loaded scenario: duration=3000ms dshot_speed=4800000 bidir_motors=[0, 2] core1_interval_us=None arming_frame_gap_us=0
Session: /sd/dshot_captures/2026-09-28_20-17-11

Arming for 2000ms...
Armed after 2123ms.

Running scenario for 3000ms...
  [    1.0s] records=254 nonzero=254 missed=1544 rate=253.5/s largest_gap=13.3ms
  [    2.0s] records=509 nonzero=509 missed=3056 rate=254.2/s largest_gap=13.3ms

Scenario duration complete.

Stopping...
Motors stopped and disarmed.
SD card flushed and unmounted.

=== Summary ===
Session: /sd/dshot_captures/2026-09-28_20-17-11
Outcome: completed
Records (captures seen for the first time): 754
Records with a real (non-all-zero) reply: 754
Captures published (last sequence per motor): {0: 5058, 2: 5058}
Captures published but never seen: 4562
Largest gap between records: 17.6ms
Oldest capture at the moment it was read: 2.1ms
Longest gap between update() calls (measured on Core 1): 14.7ms
Packets sent while arming: 2026 (min 218us, max 14441us, avg 1036us)
Motor 0 ground-truth captures while arming (not_running/low/other): 1622/0/3443
Motor 2 ground-truth captures while arming (not_running/low/other): 1623/0/3442
Motor 0 decoded on the device (every 20th capture): decoded=37 crc_ok=37 crc_fail=0 invalid=0 median_erpm=21994
Motor 2 decoded on the device (every 20th capture): decoded=37 crc_ok=37 crc_fail=0 invalid=0 median_erpm=22189
=== Test Complete ===
