=== Scenario Capture ===
Loaded scenario: duration=3000ms dshot_speed=4800000 bidir_motors=[0, 2] core1_interval_us=130 arming_frame_gap_us=0
Session: /sd/dshot_captures/2026-09-29_07-47-33

Arming for 2000ms...
Armed after 9497ms.

Running scenario for 3000ms...
  [    1.0s] records=262 nonzero=262 missed=1350 rate=261.5/s largest_gap=19.2ms
  [    2.0s] records=532 nonzero=532 missed=2674 rate=265.6/s largest_gap=19.2ms

Scenario duration complete.

Stopping...
Motors stopped and disarmed.
SD card flushed and unmounted.

=== Summary ===
Session: /sd/dshot_captures/2026-09-29_07-47-33
Outcome: completed
Records (captures seen for the first time): 792
Records with a real (non-all-zero) reply: 792
Captures published (last sequence per motor): {0: 10800, 2: 10800}
Captures published but never seen: 3998
Largest gap between records: 19.2ms
Oldest capture at the moment it was read: 2.1ms
Longest gap between update() calls (measured on Core 1): 14.7ms
Packets sent while arming: 8010 (min 763us, max 14674us, avg 1185us)
Motor 0 decoded on the device (every 20th capture): decoded=39 crc_ok=39 crc_fail=0 invalid=0 median_erpm=21866
Motor 2 decoded on the device (every 20th capture): decoded=39 crc_ok=39 crc_fail=0 invalid=0 median_erpm=22388
=== Test Complete ===
