=== Scenario Capture ===
Loaded scenario: duration=3000ms dshot_speed=4800000 bidir_motors=[0, 2] core1_interval_us=None
Session: /sd/dshot_captures/2026-09-27_18-49-51

Arming for 2000ms...
Armed after 2631ms.

Running scenario for 3000ms...
  [    1.0s] records=255 nonzero=255 missed=2090 rate=254.2/s largest_gap=9.6ms
  [    2.0s] records=508 nonzero=508 missed=4113 rate=253.6/s largest_gap=12.2ms

Scenario duration complete.

Stopping...
Motors stopped and disarmed.
SD card flushed and unmounted.

=== Summary ===
Session: /sd/dshot_captures/2026-09-27_18-49-51
Outcome: completed
Records (captures seen for the first time): 757
Records with a real (non-all-zero) reply: 757
Captures published (last sequence per motor): {0: 7243, 2: 7244}
Captures published but never seen: 6159
Largest gap between records: 12.2ms
Oldest capture at the moment it was read: 2.0ms
Longest gap between update() calls (measured on Core 1): 8.5ms
Motor 0 decoded on the device (every 20th capture): decoded=37 crc_ok=37 crc_fail=0 invalid=0 median_erpm=21067
Motor 2 decoded on the device (every 20th capture): decoded=37 crc_ok=37 crc_fail=0 invalid=0 median_erpm=21429
=== Test Complete ===
