=== Scenario Capture ===
Loaded scenario: duration=3000ms dshot_speed=4800000 bidir_motors=[0, 2] core1_interval_us=None
Session: /sd/dshot_captures/2026-09-27_20-17-06

Arming for 2000ms...
Armed after 5027ms.

Running scenario for 3000ms...
  [    1.0s] records=258 nonzero=258 missed=2109 rate=258.0/s largest_gap=9.5ms
  [    2.0s] records=517 nonzero=517 missed=4157 rate=258.1/s largest_gap=11.7ms

Scenario duration complete.

Stopping...
Motors stopped and disarmed.
SD card flushed and unmounted.

=== Summary ===
Session: /sd/dshot_captures/2026-09-27_20-17-06
Outcome: completed
Records (captures seen for the first time): 771
Records with a real (non-all-zero) reply: 771
Captures published (last sequence per motor): {0: 10063, 2: 10063}
Captures published but never seen: 6231
Largest gap between records: 14.6ms
Oldest capture at the moment it was read: 8.8ms
Longest gap between update() calls (measured on Core 1): 8.7ms
Motor 0 decoded on the device (every 20th capture): decoded=38 crc_ok=38 crc_fail=0 invalid=0 median_erpm=21307
Motor 2 decoded on the device (every 20th capture): decoded=38 crc_ok=38 crc_fail=0 invalid=0 median_erpm=21614
=== Test Complete ===
