=== Scenario Capture ===
Loaded scenario: duration=3000ms dshot_speed=4800000 bidir_motors=[0, 2] core1_interval_us=None arming_frame_gap_us=0
Session: /sd/dshot_captures/2026-09-29_20-18-59

Arming for 2000ms...
Armed after 2125ms.

Running scenario for 3000ms...
  [    1.0s] records=250 nonzero=250 missed=1498 rate=249.3/s largest_gap=20.3ms
  [    2.0s] records=505 nonzero=505 missed=2958 rate=252.1/s largest_gap=20.3ms

Scenario duration complete.

Stopping...
Motors stopped and disarmed.
SD card flushed and unmounted.

=== Summary ===
Session: /sd/dshot_captures/2026-09-29_20-18-59
Outcome: completed
Records (captures seen for the first time): 753
Records with a real (non-all-zero) reply: 753
Captures published (last sequence per motor): {0: 4965, 2: 4965}
Captures published but never seen: 4410
Largest gap between records: 20.3ms
Oldest capture at the moment it was read: 14.9ms
Longest gap between update() calls (measured on Core 1): 14.9ms
Packets sent while arming: 2007 (min 262us, max 14554us, avg 1046us)
Motor 0 ground-truth captures while arming (not_running/low/other): 1608/0/3364
Motor 2 ground-truth captures while arming (not_running/low/other): 1608/0/3364
Motor 0 decoded on the device (every 20th capture): decoded=37 crc_ok=37 crc_fail=0 invalid=0 median_erpm=21802
Motor 2 decoded on the device (every 20th capture): decoded=37 crc_ok=37 crc_fail=0 invalid=0 median_erpm=22455
=== Test Complete ===
