=== Scenario Capture ===
Loaded scenario: duration=3000ms dshot_speed=4800000 bidir_motors=[0, 2] core1_interval_us=None arming_frame_gap_us=0
Session: /sd/dshot_captures/2026-09-28_20-15-58

Arming for 2000ms...
Armed after 2124ms.

Running scenario for 3000ms...
  [    1.0s] records=254 nonzero=254 missed=1542 rate=254.0/s largest_gap=9.8ms
  [    2.0s] records=509 nonzero=509 missed=3062 rate=254.4/s largest_gap=9.8ms
  [    3.0s] records=754 nonzero=754 missed=4566 rate=251.2/s largest_gap=23.4ms

Scenario duration complete.

Stopping...
Motors stopped and disarmed.
SD card flushed and unmounted.

=== Summary ===
Session: /sd/dshot_captures/2026-09-28_20-15-58
Outcome: completed
Records (captures seen for the first time): 754
Records with a real (non-all-zero) reply: 754
Captures published (last sequence per motor): {0: 5060, 2: 5060}
Captures published but never seen: 4566
Largest gap between records: 23.4ms
Oldest capture at the moment it was read: 2.2ms
Longest gap between update() calls (measured on Core 1): 14.8ms
Packets sent while arming: 2025 (min 226us, max 14807us, avg 1037us)
Motor 0 ground-truth captures while arming (not_running/low/other): 1621/0/3447
Motor 2 ground-truth captures while arming (not_running/low/other): 1621/0/3447
Motor 0 decoded on the device (every 20th capture): decoded=37 crc_ok=37 crc_fail=0 invalid=0 median_erpm=21994
Motor 2 decoded on the device (every 20th capture): decoded=37 crc_ok=37 crc_fail=0 invalid=0 median_erpm=22189
=== Test Complete ===
