=== Scenario Capture ===
Loaded scenario: duration=3000ms dshot_speed=4800000 bidir_motors=[0, 2] core1_interval_us=None arming_frame_gap_us=0
Session: /sd/dshot_captures/2026-09-28_09-14-09

Arming for 2000ms...
Armed after 4557ms.

Running scenario for 3000ms...
  [    1.0s] records=231 nonzero=231 missed=2070 rate=231.0/s largest_gap=52.8ms
  [    2.0s] records=475 nonzero=475 missed=3906 rate=237.1/s largest_gap=52.8ms

Scenario duration complete.

Stopping...
Motors stopped and disarmed.
SD card flushed and unmounted.

=== Summary ===
Session: /sd/dshot_captures/2026-09-28_09-14-09
Outcome: completed
Records (captures seen for the first time): 692
Records with a real (non-all-zero) reply: 692
Captures published (last sequence per motor): {0: 8450, 2: 8450}
Captures published but never seen: 5788
Largest gap between records: 64.4ms
Oldest capture at the moment it was read: 3.9ms
Longest gap between update() calls (measured on Core 1): 14.0ms
Packets sent while arming: 4864 (min 235us, max 14017us, avg 936us)
Motor 0 decoded on the device (every 20th capture): decoded=34 crc_ok=34 crc_fail=0 invalid=0 median_erpm=21614
Motor 2 decoded on the device (every 20th capture): decoded=34 crc_ok=34 crc_fail=0 invalid=0 median_erpm=21866
=== Test Complete ===
