=== Scenario Capture ===
Loaded scenario: duration=3000ms dshot_speed=4800000 bidir_motors=[0, 2] core1_interval_us=None arming_frame_gap_us=0
Session: /sd/dshot_captures/2026-09-29_07-52-07

Arming for 2000ms...
Armed after 4565ms.

Running scenario for 3000ms...
  [    1.0s] records=258 nonzero=258 missed=1650 rate=257.5/s largest_gap=10.4ms
  [    2.0s] records=517 nonzero=517 missed=3280 rate=257.9/s largest_gap=10.4ms

Scenario duration complete.

Stopping...
Motors stopped and disarmed.
SD card flushed and unmounted.

=== Summary ===
Session: /sd/dshot_captures/2026-09-29_07-52-07
Outcome: completed
Records (captures seen for the first time): 764
Records with a real (non-all-zero) reply: 764
Captures published (last sequence per motor): {0: 7689, 2: 7689}
Captures published but never seen: 4852
Largest gap between records: 17.0ms
Oldest capture at the moment it was read: 2.1ms
Longest gap between update() calls (measured on Core 1): 14.4ms
Packets sent while arming: 4500 (min 610us, max 14248us, avg 1013us)
Motor 0 decoded on the device (every 20th capture): decoded=38 crc_ok=38 crc_fail=0 invalid=0 median_erpm=21930
Motor 2 decoded on the device (every 20th capture): decoded=38 crc_ok=38 crc_fail=0 invalid=0 median_erpm=22455
=== Test Complete ===
