=== Scenario Capture ===
Loaded scenario: duration=3000ms dshot_speed=4800000 bidir_motors=[0, 2] core1_interval_us=None arming_frame_gap_us=0
Session: /sd/dshot_captures/2026-09-29_20-17-35

Arming for 2000ms...
Armed after 2114ms.

Running scenario for 3000ms...
  [    1.0s] records=257 nonzero=257 missed=1644 rate=256.2/s largest_gap=10.6ms
  [    2.0s] records=516 nonzero=516 missed=3254 rate=257.6/s largest_gap=10.6ms

Scenario duration complete.

Stopping...
Motors stopped and disarmed.
SD card flushed and unmounted.

=== Summary ===
Session: /sd/dshot_captures/2026-09-29_20-17-35
Outcome: completed
Records (captures seen for the first time): 763
Records with a real (non-all-zero) reply: 763
Captures published (last sequence per motor): {0: 5319, 2: 5320}
Captures published but never seen: 4827
Largest gap between records: 17.2ms
Oldest capture at the moment it was read: 2.1ms
Longest gap between update() calls (measured on Core 1): 14.3ms
Packets sent while arming: 2143 (min 615us, max 1432us, avg 977us)
Motor 0 decoded on the device (every 20th capture): decoded=38 crc_ok=38 crc_fail=0 invalid=0 median_erpm=21866
Motor 2 decoded on the device (every 20th capture): decoded=38 crc_ok=38 crc_fail=0 invalid=0 median_erpm=22455
=== Test Complete ===
