=== Scenario Capture ===
Loaded scenario: duration=3000ms dshot_speed=4800000 bidir_motors=[0, 2] core1_interval_us=130 arming_frame_gap_us=0
Session: /sd/dshot_captures/2026-09-29_07-46-48

Arming for 2000ms...
Armed after 2110ms.

Running scenario for 3000ms...
  [    1.0s] records=268 nonzero=268 missed=1356 rate=268.0/s largest_gap=12.7ms
  [    2.0s] records=536 nonzero=536 missed=2694 rate=267.9/s largest_gap=12.7ms

Scenario duration complete.

Stopping...
Motors stopped and disarmed.
SD card flushed and unmounted.

=== Summary ===
Session: /sd/dshot_captures/2026-09-29_07-46-48
Outcome: completed
Records (captures seen for the first time): 796
Records with a real (non-all-zero) reply: 796
Captures published (last sequence per motor): {0: 4670, 2: 4670}
Captures published but never seen: 4012
Largest gap between records: 16.6ms
Oldest capture at the moment it was read: 2.1ms
Longest gap between update() calls (measured on Core 1): 14.5ms
Packets sent while arming: 1869 (min 769us, max 14223us, avg 1127us)
Motor 0 decoded on the device (every 20th capture): decoded=39 crc_ok=39 crc_fail=0 invalid=0 median_erpm=21802
Motor 2 decoded on the device (every 20th capture): decoded=39 crc_ok=39 crc_fail=0 invalid=0 median_erpm=22455
=== Test Complete ===
