=== Scenario Capture ===
Loaded scenario: duration=3000ms dshot_speed=4800000 bidir_motors=[0, 2] core1_interval_us=None arming_frame_gap_us=0
Session: /sd/dshot_captures/2026-09-28_20-37-55

Arming for 2000ms...
Armed after 2131ms.

Running scenario for 3000ms...
  [    1.0s] records=256 nonzero=256 missed=1486 rate=256.0/s largest_gap=12.3ms
  [    2.0s] records=514 nonzero=514 missed=2939 rate=256.9/s largest_gap=12.3ms
  [    3.0s] records=763 nonzero=763 missed=4369 rate=254.2/s largest_gap=17.6ms

Scenario duration complete.

Stopping...
Motors stopped and disarmed.
SD card flushed and unmounted.

=== Summary ===
Session: /sd/dshot_captures/2026-09-28_20-37-55
Outcome: completed
Records (captures seen for the first time): 763
Records with a real (non-all-zero) reply: 763
Captures published (last sequence per motor): {0: 4944, 2: 4945}
Captures published but never seen: 4369
Largest gap between records: 17.6ms
Oldest capture at the moment it was read: 15.9ms
Longest gap between update() calls (measured on Core 1): 15.0ms
Packets sent while arming: 1999 (min 222us, max 15012us, avg 1053us)
Motor 0 ground-truth captures while arming (not_running/low/other): 1603/0/3350
Motor 2 ground-truth captures while arming (not_running/low/other): 1602/0/3351
Motor 0 decoded on the device (every 20th capture): decoded=38 crc_ok=38 crc_fail=0 invalid=0 median_erpm=22455
Motor 2 decoded on the device (every 20th capture): decoded=38 crc_ok=38 crc_fail=0 invalid=0 median_erpm=22455
=== Test Complete ===
