=== Scenario Capture ===
Loaded scenario: duration=3000ms dshot_speed=4800000 bidir_motors=[0, 2] core1_interval_us=None arming_frame_gap_us=0
Session: /sd/dshot_captures/2026-09-29_07-38-25

Arming for 2000ms...
Armed after 2102ms.

Running scenario for 3000ms...
  [    1.0s] records=257 nonzero=257 missed=1644 rate=256.0/s largest_gap=9.9ms
  [    2.0s] records=513 nonzero=513 missed=3278 rate=255.9/s largest_gap=9.9ms

Scenario duration complete.

Stopping...
Motors stopped and disarmed.
SD card flushed and unmounted.

=== Summary ===
Session: /sd/dshot_captures/2026-09-29_07-38-25
Outcome: completed
Records (captures seen for the first time): 761
Records with a real (non-all-zero) reply: 761
Captures published (last sequence per motor): {0: 5315, 2: 5316}
Captures published but never seen: 4853
Largest gap between records: 17.1ms
Oldest capture at the moment it was read: 2.1ms
Longest gap between update() calls (measured on Core 1): 14.3ms
Packets sent while arming: 2128 (min 613us, max 14093us, avg 985us)
Motor 0 decoded on the device (every 20th capture): decoded=38 crc_ok=38 crc_fail=0 invalid=0 median_erpm=22455
Motor 2 decoded on the device (every 20th capture): decoded=38 crc_ok=38 crc_fail=0 invalid=0 median_erpm=22388
=== Test Complete ===
