=== Scenario Capture ===
Loaded scenario: duration=3000ms dshot_speed=4800000 bidir_motors=[0, 2] core1_interval_us=None arming_frame_gap_us=0
Session: /sd/dshot_captures/2026-09-28_20-38-10

Arming for 2000ms...
Armed after 2124ms.

Running scenario for 3000ms...
  [    1.0s] records=259 nonzero=259 missed=1478 rate=258.5/s largest_gap=10.1ms
  [    2.0s] records=517 nonzero=517 missed=2936 rate=257.9/s largest_gap=10.1ms

Scenario duration complete.

Stopping...
Motors stopped and disarmed.
SD card flushed and unmounted.

=== Summary ===
Session: /sd/dshot_captures/2026-09-28_20-38-10
Outcome: completed
Records (captures seen for the first time): 768
Records with a real (non-all-zero) reply: 768
Captures published (last sequence per motor): {0: 4932, 2: 4932}
Captures published but never seen: 4352
Largest gap between records: 17.4ms
Oldest capture at the moment it was read: 2.4ms
Longest gap between update() calls (measured on Core 1): 14.3ms
Packets sent while arming: 1990 (min 617us, max 14294us, avg 1056us)
Motor 0 ground-truth captures while arming (not_running/low/other): 1592/0/3347
Motor 2 ground-truth captures while arming (not_running/low/other): 1592/0/3347
Motor 0 decoded on the device (every 20th capture): decoded=38 crc_ok=38 crc_fail=0 invalid=0 median_erpm=22455
Motor 2 decoded on the device (every 20th capture): decoded=38 crc_ok=38 crc_fail=0 invalid=0 median_erpm=22455
=== Test Complete ===
