=== Scenario Capture ===
Loaded scenario: duration=3000ms dshot_speed=4800000 bidir_motors=[0, 2] core1_interval_us=None arming_frame_gap_us=0
Session: /sd/dshot_captures/2026-09-28_20-18-26

Arming for 2000ms...
Armed after 2123ms.

Running scenario for 3000ms...
  [    1.0s] records=255 nonzero=255 missed=1544 rate=254.2/s largest_gap=10.8ms
  [    2.0s] records=509 nonzero=509 missed=3068 rate=253.9/s largest_gap=10.8ms

Scenario duration complete.

Stopping...
Motors stopped and disarmed.
SD card flushed and unmounted.

=== Summary ===
Session: /sd/dshot_captures/2026-09-28_20-18-26
Outcome: completed
Records (captures seen for the first time): 754
Records with a real (non-all-zero) reply: 754
Captures published (last sequence per motor): {0: 5055, 2: 5055}
Captures published but never seen: 4562
Largest gap between records: 16.6ms
Oldest capture at the moment it was read: 2.1ms
Longest gap between update() calls (measured on Core 1): 14.8ms
Packets sent while arming: 2021 (min 221us, max 14804us, avg 1039us)
Motor 0 ground-truth captures while arming (not_running/low/other): 1618/0/3444
Motor 2 ground-truth captures while arming (not_running/low/other): 1619/0/3443
Motor 0 decoded on the device (every 20th capture): decoded=37 crc_ok=37 crc_fail=0 invalid=0 median_erpm=21994
Motor 2 decoded on the device (every 20th capture): decoded=37 crc_ok=37 crc_fail=0 invalid=0 median_erpm=22455
=== Test Complete ===
