=== Scenario Capture ===
Loaded scenario: duration=3000ms dshot_speed=4800000 bidir_motors=[0, 2] core1_interval_us=None arming_frame_gap_us=0
Session: /sd/dshot_captures/2026-09-28_20-17-56

Arming for 2000ms...
Armed after 2123ms.

Running scenario for 3000ms...
  [    1.0s] records=254 nonzero=254 missed=1538 rate=253.7/s largest_gap=9.9ms
  [    2.0s] records=508 nonzero=508 missed=3058 rate=253.9/s largest_gap=9.9ms

Scenario duration complete.

Stopping...
Motors stopped and disarmed.
SD card flushed and unmounted.

=== Summary ===
Session: /sd/dshot_captures/2026-09-28_20-17-56
Outcome: completed
Records (captures seen for the first time): 754
Records with a real (non-all-zero) reply: 754
Captures published (last sequence per motor): {0: 5052, 2: 5053}
Captures published but never seen: 4555
Largest gap between records: 24.4ms
Oldest capture at the moment it was read: 2.2ms
Longest gap between update() calls (measured on Core 1): 14.5ms
Packets sent while arming: 2023 (min 254us, max 14482us, avg 1038us)
Motor 0 ground-truth captures while arming (not_running/low/other): 1621/0/3438
Motor 2 ground-truth captures while arming (not_running/low/other): 1620/0/3439
Motor 0 decoded on the device (every 20th capture): decoded=37 crc_ok=37 crc_fail=0 invalid=0 median_erpm=21866
Motor 2 decoded on the device (every 20th capture): decoded=37 crc_ok=37 crc_fail=0 invalid=0 median_erpm=22455
=== Test Complete ===
