=== Scenario Capture ===
Loaded scenario: duration=3000ms dshot_speed=4800000 bidir_motors=[0, 2] core1_interval_us=None
Session: /sd/dshot_captures/2026-09-27_20-10-22

Arming for 2000ms...
Armed after 4543ms.

Running scenario for 3000ms...
  [    1.0s] records=259 nonzero=259 missed=2108 rate=258.5/s largest_gap=10.3ms
  [    2.0s] records=519 nonzero=519 missed=4172 rate=259.1/s largest_gap=10.3ms

Scenario duration complete.

Stopping...
Motors stopped and disarmed.
SD card flushed and unmounted.

=== Summary ===
Session: /sd/dshot_captures/2026-09-27_20-10-22
Outcome: completed
Records (captures seen for the first time): 768
Records with a real (non-all-zero) reply: 768
Captures published (last sequence per motor): {0: 9606, 2: 9606}
Captures published but never seen: 6236
Largest gap between records: 15.1ms
Oldest capture at the moment it was read: 2.0ms
Longest gap between update() calls (measured on Core 1): 8.5ms
Motor 0 decoded on the device (every 20th capture): decoded=38 crc_ok=38 crc_fail=0 invalid=0 median_erpm=21246
Motor 2 decoded on the device (every 20th capture): decoded=38 crc_ok=38 crc_fail=0 invalid=0 median_erpm=21368
=== Test Complete ===
