=== Scenario Capture ===
Loaded scenario: duration=3000ms dshot_speed=4800000 bidir_motors=[0, 2] core1_interval_us=None
Session: /sd/dshot_captures/2026-09-27_18-31-31

Arming for 2000ms...
Armed after 2511ms.

Running scenario for 3000ms...
  [    1.0s] records=260 nonzero=260 missed=2066 rate=259.7/s largest_gap=9.6ms
  [    2.0s] records=519 nonzero=519 missed=4084 rate=259.4/s largest_gap=11.1ms
  [    3.0s] records=773 nonzero=773 missed=6130 rate=257.6/s largest_gap=12.0ms

Scenario duration complete.

Stopping...
Motors stopped and disarmed.
SD card flushed and unmounted.

=== Summary ===
Session: /sd/dshot_captures/2026-09-27_18-31-31
Outcome: completed
Records (captures seen for the first time): 773
Records with a real (non-all-zero) reply: 773
Captures published (last sequence per motor): {0: 6999, 2: 6999}
Captures published but never seen: 6130
Largest gap between records: 12.0ms
Oldest capture at the moment it was read: 1.9ms
Longest gap between update() calls (measured on Core 1): 8.5ms
Motor 0 decoded on the device (every 20th capture): decoded=38 crc_ok=38 crc_fail=0 invalid=0 median_erpm=21246
Motor 2 decoded on the device (every 20th capture): decoded=38 crc_ok=38 crc_fail=0 invalid=0 median_erpm=21614
=== Test Complete ===
