=== Scenario Capture ===
Loaded scenario: duration=3000ms dshot_speed=4800000 bidir_motors=[0, 2] core1_interval_us=None arming_frame_gap_us=0
Session: /sd/dshot_captures/2026-09-29_07-49-29

Arming for 2000ms...
Armed after 7048ms.

Running scenario for 3000ms...
  [    1.0s] records=259 nonzero=259 missed=1482 rate=259.0/s largest_gap=9.3ms
  [    2.0s] records=513 nonzero=513 missed=2922 rate=256.0/s largest_gap=18.2ms

Scenario duration complete.

Stopping...
Motors stopped and disarmed.
SD card flushed and unmounted.

=== Summary ===
Session: /sd/dshot_captures/2026-09-29_07-49-29
Outcome: completed
Records (captures seen for the first time): 768
Records with a real (non-all-zero) reply: 768
Captures published (last sequence per motor): {0: 9567, 2: 9568}
Captures published but never seen: 4393
Largest gap between records: 18.2ms
Oldest capture at the moment it was read: 2.5ms
Longest gap between update() calls (measured on Core 1): 26.9ms
Packets sent while arming: 6603 (min 614us, max 26858us, avg 1063us)
Motor 0 reboot log (ms since arm(), duration ms, source): [(1864, 602, 'low'), (4321, 602, 'low')]
Motor 0 ground-truth captures while arming (not_running/low/other): 1448/1135/6992
Motor 2 reboot log (ms since arm(), duration ms, source): [(1856, 600, 'low')]
Motor 2 ground-truth captures while arming (not_running/low/other): 3723/575/5277
Motor 0 decoded on the device (every 20th capture): decoded=38 crc_ok=38 crc_fail=0 invalid=0 median_erpm=21866
Motor 2 decoded on the device (every 20th capture): decoded=38 crc_ok=38 crc_fail=0 invalid=0 median_erpm=22455
=== Test Complete ===
