=== Scenario Capture ===
Loaded scenario: duration=3000ms dshot_speed=4800000 bidir_motors=[0, 2] core1_interval_us=None arming_frame_gap_us=0
Session: /sd/dshot_captures/2026-09-29_07-48-11

Arming for 2000ms...
Armed after 2099ms.

Running scenario for 3000ms...
  [    1.0s] records=255 nonzero=255 missed=1648 rate=254.5/s largest_gap=10.3ms
  [    2.0s] records=513 nonzero=513 missed=3262 rate=256.0/s largest_gap=10.3ms

Scenario duration complete.

Stopping...
Motors stopped and disarmed.
SD card flushed and unmounted.

=== Summary ===
Session: /sd/dshot_captures/2026-09-29_07-48-11
Outcome: completed
Records (captures seen for the first time): 760
Records with a real (non-all-zero) reply: 760
Captures published (last sequence per motor): {0: 5318, 2: 5319}
Captures published but never seen: 4839
Largest gap between records: 16.8ms
Oldest capture at the moment it was read: 2.1ms
Longest gap between update() calls (measured on Core 1): 14.3ms
Packets sent while arming: 2139 (min 581us, max 1464us, avg 979us)
Motor 0 decoded on the device (every 20th capture): decoded=38 crc_ok=38 crc_fail=0 invalid=0 median_erpm=21866
Motor 2 decoded on the device (every 20th capture): decoded=38 crc_ok=38 crc_fail=0 invalid=0 median_erpm=22388
=== Test Complete ===
