=== Scenario Capture ===
Loaded scenario: duration=3000ms dshot_speed=4800000 bidir_motors=[0, 2] core1_interval_us=None arming_frame_gap_us=0
Session: /sd/dshot_captures/2026-09-28_20-38-25

Arming for 2000ms...
Armed after 2126ms.

Running scenario for 3000ms...
  [    1.0s] records=258 nonzero=258 missed=1478 rate=257.2/s largest_gap=10.6ms
  [    2.0s] records=515 nonzero=515 missed=2942 rate=257.0/s largest_gap=10.6ms

Scenario duration complete.

Stopping...
Motors stopped and disarmed.
SD card flushed and unmounted.

=== Summary ===
Session: /sd/dshot_captures/2026-09-28_20-38-25
Outcome: completed
Records (captures seen for the first time): 763
Records with a real (non-all-zero) reply: 763
Captures published (last sequence per motor): {0: 4951, 2: 4951}
Captures published but never seen: 4376
Largest gap between records: 25.4ms
Oldest capture at the moment it was read: 2.2ms
Longest gap between update() calls (measured on Core 1): 14.7ms
Packets sent while arming: 2001 (min 219us, max 14439us, avg 1051us)
Motor 0 ground-truth captures while arming (not_running/low/other): 1600/0/3358
Motor 2 ground-truth captures while arming (not_running/low/other): 1601/0/3357
Motor 0 decoded on the device (every 20th capture): decoded=38 crc_ok=38 crc_fail=0 invalid=0 median_erpm=22455
Motor 2 decoded on the device (every 20th capture): decoded=38 crc_ok=38 crc_fail=0 invalid=0 median_erpm=22455
=== Test Complete ===
