=== Scenario Capture ===
Loaded scenario: duration=3000ms dshot_speed=4800000 bidir_motors=[0, 2] core1_interval_us=None
Session: /sd/dshot_captures/2026-09-27_18-58-00

Arming for 2000ms...
Armed after 6998ms.

Running scenario for 3000ms...
  [    1.0s] records=257 nonzero=257 missed=2074 rate=256.0/s largest_gap=8.8ms
  [    2.0s] records=511 nonzero=511 missed=4110 rate=254.7/s largest_gap=12.3ms

Scenario duration complete.

Stopping...
Motors stopped and disarmed.
SD card flushed and unmounted.

=== Summary ===
Session: /sd/dshot_captures/2026-09-27_18-58-00
Outcome: completed
Records (captures seen for the first time): 760
Records with a real (non-all-zero) reply: 760
Captures published (last sequence per motor): {0: 12591, 2: 12592}
Captures published but never seen: 6151
Largest gap between records: 14.5ms
Oldest capture at the moment it was read: 9.1ms
Longest gap between update() calls (measured on Core 1): 8.8ms
Motor 0 decoded on the device (every 20th capture): decoded=38 crc_ok=38 crc_fail=0 invalid=0 median_erpm=21368
Motor 2 decoded on the device (every 20th capture): decoded=38 crc_ok=38 crc_fail=0 invalid=0 median_erpm=21246
=== Test Complete ===
