=== Scenario Capture ===
Loaded scenario: duration=3000ms dshot_speed=4800000 bidir_motors=[0, 2] core1_interval_us=None
Session: /sd/dshot_captures/2026-09-27_18-29-02

Arming for 2000ms...
Armed after 7015ms.

Running scenario for 3000ms...
  [    1.0s] records=260 nonzero=260 missed=2102 rate=259.0/s largest_gap=10.5ms
  [    2.0s] records=517 nonzero=517 missed=4125 rate=258.0/s largest_gap=11.8ms

Scenario duration complete.

Stopping...
Motors stopped and disarmed.
SD card flushed and unmounted.

=== Summary ===
Session: /sd/dshot_captures/2026-09-27_18-29-02
Outcome: completed
Records (captures seen for the first time): 771
Records with a real (non-all-zero) reply: 771
Captures published (last sequence per motor): {0: 12282, 2: 12282}
Captures published but never seen: 6160
Largest gap between records: 11.8ms
Oldest capture at the moment it was read: 1.9ms
Longest gap between update() calls (measured on Core 1): 8.6ms
Motor 0 decoded on the device (every 20th capture): decoded=38 crc_ok=38 crc_fail=0 invalid=0 median_erpm=21368
Motor 2 decoded on the device (every 20th capture): decoded=38 crc_ok=38 crc_fail=0 invalid=0 median_erpm=21490
=== Test Complete ===
