=== Scenario Capture ===
Loaded scenario: duration=3000ms dshot_speed=4800000 bidir_motors=[0, 2] core1_interval_us=None arming_frame_gap_us=0
Session: /sd/dshot_captures/2026-09-29_07-34-17

Arming for 2000ms...
Armed after 7025ms.

Running scenario for 3000ms...
  [    1.0s] records=256 nonzero=256 missed=1654 rate=256.0/s largest_gap=11.2ms
  [    2.0s] records=510 nonzero=510 missed=3246 rate=255.0/s largest_gap=16.9ms
  [    3.0s] records=762 nonzero=762 missed=4856 rate=254.0/s largest_gap=16.9ms

Scenario duration complete.

Stopping...
Motors stopped and disarmed.
SD card flushed and unmounted.

=== Summary ===
Session: /sd/dshot_captures/2026-09-29_07-34-17
Outcome: completed
Records (captures seen for the first time): 762
Records with a real (non-all-zero) reply: 762
Captures published (last sequence per motor): {0: 9878, 2: 9878}
Captures published but never seen: 4856
Largest gap between records: 16.9ms
Oldest capture at the moment it was read: 13.5ms
Longest gap between update() calls (measured on Core 1): 14.6ms
Packets sent while arming: 6690 (min 611us, max 14616us, avg 1049us)
Motor 0 decoded on the device (every 20th capture): decoded=38 crc_ok=38 crc_fail=0 invalid=0 median_erpm=22388
Motor 2 decoded on the device (every 20th capture): decoded=38 crc_ok=38 crc_fail=0 invalid=0 median_erpm=22388
=== Test Complete ===
