=== Scenario Capture ===
Loaded scenario: duration=3000ms dshot_speed=4800000 bidir_motors=[0, 2] core1_interval_us=None arming_frame_gap_us=0
Session: /sd/dshot_captures/2026-09-28_20-36-56

Arming for 2000ms...
Armed after 2126ms.

Running scenario for 3000ms...
  [    1.0s] records=256 nonzero=256 missed=1474 rate=256.0/s largest_gap=10.6ms
  [    2.0s] records=513 nonzero=513 missed=2926 rate=256.2/s largest_gap=10.6ms

Scenario duration complete.

Stopping...
Motors stopped and disarmed.
SD card flushed and unmounted.

=== Summary ===
Session: /sd/dshot_captures/2026-09-28_20-36-56
Outcome: completed
Records (captures seen for the first time): 762
Records with a real (non-all-zero) reply: 762
Captures published (last sequence per motor): {0: 4941, 2: 4941}
Captures published but never seen: 4370
Largest gap between records: 17.8ms
Oldest capture at the moment it was read: 14.8ms
Longest gap between update() calls (measured on Core 1): 14.9ms
Packets sent while arming: 1995 (min 209us, max 14886us, avg 1053us)
Motor 0 ground-truth captures while arming (not_running/low/other): 1598/0/3350
Motor 2 ground-truth captures while arming (not_running/low/other): 1597/0/3351
Motor 0 decoded on the device (every 20th capture): decoded=38 crc_ok=38 crc_fail=0 invalid=0 median_erpm=22455
Motor 2 decoded on the device (every 20th capture): decoded=38 crc_ok=38 crc_fail=0 invalid=0 median_erpm=22455
=== Test Complete ===
