=== Scenario Capture ===
Loaded scenario: duration=3000ms dshot_speed=4800000 bidir_motors=[0, 2] core1_interval_us=None arming_frame_gap_us=0
Session: /sd/dshot_captures/2026-09-29_07-51-04

Arming for 2000ms...
Armed after 2124ms.

Running scenario for 3000ms...
  [    1.0s] records=257 nonzero=257 missed=1488 rate=256.5/s largest_gap=10.0ms
  [    2.0s] records=516 nonzero=516 missed=2957 rate=257.6/s largest_gap=10.0ms

Scenario duration complete.

Stopping...
Motors stopped and disarmed.
SD card flushed and unmounted.

=== Summary ===
Session: /sd/dshot_captures/2026-09-29_07-51-04
Outcome: completed
Records (captures seen for the first time): 766
Records with a real (non-all-zero) reply: 766
Captures published (last sequence per motor): {0: 4964, 2: 4964}
Captures published but never seen: 4390
Largest gap between records: 17.5ms
Oldest capture at the moment it was read: 2.3ms
Longest gap between update() calls (measured on Core 1): 14.6ms
Packets sent while arming: 2004 (min 597us, max 14598us, avg 1049us)
Motor 0 ground-truth captures while arming (not_running/low/other): 1603/0/3368
Motor 2 ground-truth captures while arming (not_running/low/other): 1604/0/3367
Motor 0 decoded on the device (every 20th capture): decoded=38 crc_ok=38 crc_fail=0 invalid=0 median_erpm=21866
Motor 2 decoded on the device (every 20th capture): decoded=38 crc_ok=38 crc_fail=0 invalid=0 median_erpm=22455
=== Test Complete ===
