=== Scenario Capture ===
Loaded scenario: duration=3000ms dshot_speed=4800000 bidir_motors=[0, 2] core1_interval_us=None arming_frame_gap_us=0
Session: /sd/dshot_captures/2026-09-28_20-39-10

Arming for 2000ms...
Armed after 2126ms.

Running scenario for 3000ms...
  [    1.0s] records=257 nonzero=257 missed=1478 rate=256.2/s largest_gap=10.0ms
  [    2.0s] records=516 nonzero=516 missed=2936 rate=257.6/s largest_gap=10.0ms

Scenario duration complete.

Stopping...
Motors stopped and disarmed.
SD card flushed and unmounted.

=== Summary ===
Session: /sd/dshot_captures/2026-09-28_20-39-10
Outcome: completed
Records (captures seen for the first time): 765
Records with a real (non-all-zero) reply: 765
Captures published (last sequence per motor): {0: 4949, 2: 4950}
Captures published but never seen: 4381
Largest gap between records: 18.6ms
Oldest capture at the moment it was read: 2.3ms
Longest gap between update() calls (measured on Core 1): 14.5ms
Packets sent while arming: 1996 (min 227us, max 14493us, avg 1053us)
Motor 0 ground-truth captures while arming (not_running/low/other): 1598/0/3358
Motor 2 ground-truth captures while arming (not_running/low/other): 1596/0/3360
Motor 0 decoded on the device (every 20th capture): decoded=38 crc_ok=38 crc_fail=0 invalid=0 median_erpm=22523
Motor 2 decoded on the device (every 20th capture): decoded=38 crc_ok=38 crc_fail=0 invalid=0 median_erpm=22523
=== Test Complete ===
