=== Scenario Capture ===
Loaded scenario: duration=3000ms dshot_speed=4800000 bidir_motors=[0, 2] core1_interval_us=None
Session: /sd/dshot_captures/2026-09-27_20-19-17

Arming for 2000ms...
Armed after 2304ms.

Running scenario for 3000ms...
  [    1.0s] records=260 nonzero=260 missed=2111 rate=259.0/s largest_gap=10.3ms
  [    2.0s] records=520 nonzero=520 missed=4186 rate=259.0/s largest_gap=10.3ms

Scenario duration complete.

Stopping...
Motors stopped and disarmed.
SD card flushed and unmounted.

=== Summary ===
Session: /sd/dshot_captures/2026-09-27_20-19-17
Outcome: completed
Records (captures seen for the first time): 770
Records with a real (non-all-zero) reply: 770
Captures published (last sequence per motor): {0: 6868, 2: 6869}
Captures published but never seen: 6231
Largest gap between records: 12.6ms
Oldest capture at the moment it was read: 1.9ms
Longest gap between update() calls (measured on Core 1): 8.8ms
Motor 0 decoded on the device (every 20th capture): decoded=38 crc_ok=38 crc_fail=0 invalid=0 median_erpm=21246
Motor 2 decoded on the device (every 20th capture): decoded=38 crc_ok=38 crc_fail=0 invalid=0 median_erpm=21676
=== Test Complete ===
