=== Scenario Capture ===
Loaded scenario: duration=3000ms dshot_speed=4800000 bidir_motors=[0, 2] core1_interval_us=None
Session: /sd/dshot_captures/2026-09-27_20-12-01

Arming for 2000ms...
Armed after 2546ms.

Running scenario for 3000ms...
  [    1.0s] records=260 nonzero=260 missed=2089 rate=259.7/s largest_gap=8.5ms
  [    2.0s] records=518 nonzero=518 missed=4143 rate=258.6/s largest_gap=12.0ms

Scenario duration complete.

Stopping...
Motors stopped and disarmed.
SD card flushed and unmounted.

=== Summary ===
Session: /sd/dshot_captures/2026-09-27_20-12-01
Outcome: completed
Records (captures seen for the first time): 772
Records with a real (non-all-zero) reply: 772
Captures published (last sequence per motor): {0: 7186, 2: 7187}
Captures published but never seen: 6207
Largest gap between records: 12.0ms
Oldest capture at the moment it was read: 1.9ms
Longest gap between update() calls (measured on Core 1): 8.6ms
Motor 0 decoded on the device (every 20th capture): decoded=38 crc_ok=38 crc_fail=0 invalid=0 median_erpm=21307
Motor 2 decoded on the device (every 20th capture): decoded=38 crc_ok=38 crc_fail=0 invalid=0 median_erpm=21676
=== Test Complete ===
