=== Scenario Capture ===
Loaded scenario: duration=3000ms dshot_speed=4800000 bidir_motors=[0, 2] core1_interval_us=None arming_frame_gap_us=0
Session: /sd/dshot_captures/2026-09-29_20-04-41

Arming for 2000ms...
Armed after 2284ms.

Running scenario for 3000ms...
  [    1.0s] records=256 nonzero=256 missed=1490 rate=255.2/s largest_gap=12.5ms
  [    2.0s] records=515 nonzero=515 missed=2954 rate=256.7/s largest_gap=12.5ms

Scenario duration complete.

Stopping...
Motors stopped and disarmed.
SD card flushed and unmounted.

=== Summary ===
Session: /sd/dshot_captures/2026-09-29_20-04-41
Outcome: completed
Records (captures seen for the first time): 763
Records with a real (non-all-zero) reply: 763
Captures published (last sequence per motor): {0: 5099, 2: 5099}
Captures published but never seen: 4392
Largest gap between records: 16.8ms
Oldest capture at the moment it was read: 2.3ms
Longest gap between update() calls (measured on Core 1): 14.8ms
Packets sent while arming: 2142 (min 269us, max 14403us, avg 1055us)
Motor 0 reboot log (ms since arm(), duration ms, source): [(1, 154, 'low')]
Motor 0 ground-truth captures while arming (not_running/low/other): 1593/154/3359
Motor 2 ground-truth captures while arming (not_running/low/other): 1749/0/3357
Motor 0 decoded on the device (every 20th capture): decoded=38 crc_ok=38 crc_fail=0 invalid=0 median_erpm=21739
Motor 2 decoded on the device (every 20th capture): decoded=38 crc_ok=38 crc_fail=0 invalid=0 median_erpm=22321
=== Test Complete ===
