=== Scenario Capture ===
Loaded scenario: duration=3000ms dshot_speed=4800000 bidir_motors=[0, 2] core1_interval_us=None arming_frame_gap_us=0
Session: /sd/dshot_captures/2026-09-29_07-34-57

Arming for 2000ms...
Armed after 2125ms.

Running scenario for 3000ms...
  [    1.0s] records=257 nonzero=257 missed=1472 rate=257.0/s largest_gap=10.2ms
  [    2.0s] records=516 nonzero=516 missed=2929 rate=258.0/s largest_gap=10.2ms
  [    3.0s] records=766 nonzero=766 missed=4384 rate=255.2/s largest_gap=16.8ms

Scenario duration complete.

Stopping...
Motors stopped and disarmed.
SD card flushed and unmounted.

=== Summary ===
Session: /sd/dshot_captures/2026-09-29_07-34-57
Outcome: completed
Records (captures seen for the first time): 766
Records with a real (non-all-zero) reply: 766
Captures published (last sequence per motor): {0: 4968, 2: 4968}
Captures published but never seen: 4384
Largest gap between records: 16.8ms
Oldest capture at the moment it was read: 2.3ms
Longest gap between update() calls (measured on Core 1): 14.5ms
Packets sent while arming: 2011 (min 257us, max 14528us, avg 1045us)
Motor 0 ground-truth captures while arming (not_running/low/other): 1610/0/3365
Motor 2 ground-truth captures while arming (not_running/low/other): 1611/0/3364
Motor 0 decoded on the device (every 20th capture): decoded=38 crc_ok=38 crc_fail=0 invalid=0 median_erpm=22455
Motor 2 decoded on the device (every 20th capture): decoded=38 crc_ok=38 crc_fail=0 invalid=0 median_erpm=22388
=== Test Complete ===
