=== Scenario Capture ===
Loaded scenario: duration=3000ms dshot_speed=4800000 bidir_motors=[0, 2] core1_interval_us=None arming_frame_gap_us=0
Session: /sd/dshot_captures/2026-09-28_20-18-40

Arming for 2000ms...
Armed after 2125ms.

Running scenario for 3000ms...
  [    1.0s] records=256 nonzero=256 missed=1535 rate=255.5/s largest_gap=10.2ms
  [    2.0s] records=511 nonzero=511 missed=3048 rate=255.2/s largest_gap=10.2ms

Scenario duration complete.

Stopping...
Motors stopped and disarmed.
SD card flushed and unmounted.

=== Summary ===
Session: /sd/dshot_captures/2026-09-28_20-18-40
Outcome: completed
Records (captures seen for the first time): 756
Records with a real (non-all-zero) reply: 756
Captures published (last sequence per motor): {0: 5052, 2: 5052}
Captures published but never seen: 4552
Largest gap between records: 27.7ms
Oldest capture at the moment it was read: 2.1ms
Longest gap between update() calls (measured on Core 1): 14.5ms
Packets sent while arming: 2021 (min 230us, max 14516us, avg 1039us)
Motor 0 ground-truth captures while arming (not_running/low/other): 1618/0/3441
Motor 2 ground-truth captures while arming (not_running/low/other): 1620/0/3439
Motor 0 decoded on the device (every 20th capture): decoded=37 crc_ok=37 crc_fail=0 invalid=0 median_erpm=21930
Motor 2 decoded on the device (every 20th capture): decoded=37 crc_ok=37 crc_fail=0 invalid=0 median_erpm=22455
=== Test Complete ===
