=== Scenario Capture ===
Loaded scenario: duration=3000ms dshot_speed=4800000 bidir_motors=[0, 2] core1_interval_us=None arming_frame_gap_us=0
Session: /sd/dshot_captures/2026-09-28_20-36-41

Arming for 2000ms...
Armed after 2127ms.

Running scenario for 3000ms...
  [    1.0s] records=256 nonzero=256 missed=1489 rate=255.2/s largest_gap=10.4ms
  [    2.0s] records=513 nonzero=513 missed=2942 rate=256.0/s largest_gap=10.4ms

Scenario duration complete.

Stopping...
Motors stopped and disarmed.
SD card flushed and unmounted.

=== Summary ===
Session: /sd/dshot_captures/2026-09-28_20-36-41
Outcome: completed
Records (captures seen for the first time): 762
Records with a real (non-all-zero) reply: 762
Captures published (last sequence per motor): {0: 4944, 2: 4944}
Captures published but never seen: 4380
Largest gap between records: 21.5ms
Oldest capture at the moment it was read: 2.3ms
Longest gap between update() calls (measured on Core 1): 15.1ms
Packets sent while arming: 1993 (min 212us, max 15118us, avg 1055us)
Motor 0 ground-truth captures while arming (not_running/low/other): 1596/0/3355
Motor 2 ground-truth captures while arming (not_running/low/other): 1596/0/3355
Motor 0 decoded on the device (every 20th capture): decoded=38 crc_ok=38 crc_fail=0 invalid=0 median_erpm=22455
Motor 2 decoded on the device (every 20th capture): decoded=38 crc_ok=38 crc_fail=0 invalid=0 median_erpm=22388
=== Test Complete ===
