=== Scenario Capture ===
Loaded scenario: duration=3000ms dshot_speed=4800000 bidir_motors=[0, 2] core1_interval_us=None arming_frame_gap_us=0
Session: /sd/dshot_captures/2026-09-28_20-18-11

Arming for 2000ms...
Armed after 2124ms.

Running scenario for 3000ms...
  [    1.0s] records=255 nonzero=255 missed=1538 rate=255.0/s largest_gap=11.1ms
  [    2.0s] records=511 nonzero=511 missed=3052 rate=255.4/s largest_gap=11.1ms
  [    3.0s] records=757 nonzero=757 missed=4555 rate=252.2/s largest_gap=17.4ms

Scenario duration complete.

Stopping...
Motors stopped and disarmed.
SD card flushed and unmounted.

=== Summary ===
Session: /sd/dshot_captures/2026-09-28_20-18-11
Outcome: completed
Records (captures seen for the first time): 757
Records with a real (non-all-zero) reply: 757
Captures published (last sequence per motor): {0: 5061, 2: 5062}
Captures published but never seen: 4555
Largest gap between records: 17.4ms
Oldest capture at the moment it was read: 2.1ms
Longest gap between update() calls (measured on Core 1): 14.7ms
Packets sent while arming: 2028 (min 230us, max 14719us, avg 1036us)
Motor 0 ground-truth captures while arming (not_running/low/other): 1626/0/3444
Motor 2 ground-truth captures while arming (not_running/low/other): 1627/0/3443
Motor 0 decoded on the device (every 20th capture): decoded=37 crc_ok=37 crc_fail=0 invalid=0 median_erpm=21930
Motor 2 decoded on the device (every 20th capture): decoded=37 crc_ok=37 crc_fail=0 invalid=0 median_erpm=22455
=== Test Complete ===
