=== Scenario Capture ===
Loaded scenario: duration=3000ms dshot_speed=4800000 bidir_motors=[0, 2] core1_interval_us=None arming_frame_gap_us=0
Session: /sd/dshot_captures/2026-09-29_07-51-19

Arming for 2000ms...
Armed after 2099ms.

Running scenario for 3000ms...
  [    1.0s] records=254 nonzero=254 missed=1630 rate=253.2/s largest_gap=23.3ms
  [    2.0s] records=510 nonzero=510 missed=3238 rate=254.6/s largest_gap=23.3ms

Scenario duration complete.

Stopping...
Motors stopped and disarmed.
SD card flushed and unmounted.

=== Summary ===
Session: /sd/dshot_captures/2026-09-29_07-51-19
Outcome: completed
Records (captures seen for the first time): 759
Records with a real (non-all-zero) reply: 759
Captures published (last sequence per motor): {0: 5301, 2: 5301}
Captures published but never seen: 4806
Largest gap between records: 23.3ms
Oldest capture at the moment it was read: 2.1ms
Longest gap between update() calls (measured on Core 1): 14.1ms
Packets sent while arming: 2139 (min 617us, max 1433us, avg 979us)
Motor 0 decoded on the device (every 20th capture): decoded=37 crc_ok=37 crc_fail=0 invalid=0 median_erpm=21866
Motor 2 decoded on the device (every 20th capture): decoded=37 crc_ok=37 crc_fail=0 invalid=0 median_erpm=22455
=== Test Complete ===
