=== Scenario Capture ===
Loaded scenario: duration=3000ms dshot_speed=4800000 bidir_motors=[0, 2] core1_interval_us=130 arming_frame_gap_us=0
Session: /sd/dshot_captures/2026-09-29_07-48-26

Arming for 2000ms...
Armed after 2111ms.

Running scenario for 3000ms...
  [    1.0s] records=269 nonzero=269 missed=1350 rate=269.0/s largest_gap=9.9ms
  [    2.0s] records=537 nonzero=537 missed=2690 rate=268.2/s largest_gap=9.9ms

Scenario duration complete.

Stopping...
Motors stopped and disarmed.
SD card flushed and unmounted.

=== Summary ===
Session: /sd/dshot_captures/2026-09-29_07-48-26
Outcome: completed
Records (captures seen for the first time): 796
Records with a real (non-all-zero) reply: 796
Captures published (last sequence per motor): {0: 4674, 2: 4674}
Captures published but never seen: 4018
Largest gap between records: 16.3ms
Oldest capture at the moment it was read: 2.1ms
Longest gap between update() calls (measured on Core 1): 14.7ms
Packets sent while arming: 1870 (min 768us, max 14696us, avg 1127us)
Motor 0 decoded on the device (every 20th capture): decoded=39 crc_ok=39 crc_fail=0 invalid=0 median_erpm=21866
Motor 2 decoded on the device (every 20th capture): decoded=39 crc_ok=39 crc_fail=0 invalid=0 median_erpm=22455
=== Test Complete ===
