=== Scenario Capture ===
Loaded scenario: duration=3000ms dshot_speed=4800000 bidir_motors=[0, 2] core1_interval_us=None
Session: /sd/dshot_captures/2026-09-27_18-50-17

Arming for 2000ms...
Armed after 4027ms.

Running scenario for 3000ms...
  [    1.0s] records=253 nonzero=253 missed=2064 rate=252.5/s largest_gap=11.7ms
  [    2.0s] records=507 nonzero=507 missed=4118 rate=253.0/s largest_gap=11.7ms

Scenario duration complete.

Stopping...
Motors stopped and disarmed.
SD card flushed and unmounted.

=== Summary ===
Session: /sd/dshot_captures/2026-09-27_18-50-17
Outcome: completed
Records (captures seen for the first time): 755
Records with a real (non-all-zero) reply: 755
Captures published (last sequence per motor): {0: 8890, 2: 8890}
Captures published but never seen: 6148
Largest gap between records: 11.7ms
Oldest capture at the moment it was read: 2.0ms
Longest gap between update() calls (measured on Core 1): 8.8ms
Motor 0 decoded on the device (every 20th capture): decoded=37 crc_ok=37 crc_fail=0 invalid=0 median_erpm=21067
Motor 2 decoded on the device (every 20th capture): decoded=37 crc_ok=37 crc_fail=0 invalid=0 median_erpm=21614
=== Test Complete ===
