=== Scenario Capture ===
Loaded scenario: duration=3000ms dshot_speed=4800000 bidir_motors=[0, 2] core1_interval_us=None arming_frame_gap_us=0
Session: /sd/dshot_captures/2026-09-28_20-19-42

Arming for 2000ms...
Armed after 7047ms.

Running scenario for 3000ms...
  [    1.0s] records=255 nonzero=255 missed=1546 rate=254.7/s largest_gap=10.5ms
  [    2.0s] records=506 nonzero=506 missed=3034 rate=252.7/s largest_gap=16.4ms
  [    3.0s] records=756 nonzero=756 missed=4564 rate=251.8/s largest_gap=16.4ms

Scenario duration complete.

Stopping...
Motors stopped and disarmed.
SD card flushed and unmounted.

=== Summary ===
Session: /sd/dshot_captures/2026-09-28_20-19-42
Outcome: completed
Records (captures seen for the first time): 756
Records with a real (non-all-zero) reply: 756
Captures published (last sequence per motor): {0: 9584, 2: 9584}
Captures published but never seen: 4564
Largest gap between records: 16.4ms
Oldest capture at the moment it was read: 2.1ms
Longest gap between update() calls (measured on Core 1): 14.6ms
Packets sent while arming: 6547 (min 273us, max 14599us, avg 1073us)
Motor 0 ground-truth captures while arming (not_running/low/other): 1472/1115/7004
Motor 2 ground-truth captures while arming (not_running/low/other): 6143/0/3448
Motor 0 decoded on the device (every 20th capture): decoded=37 crc_ok=37 crc_fail=0 invalid=0 median_erpm=21930
Motor 2 decoded on the device (every 20th capture): decoded=37 crc_ok=37 crc_fail=0 invalid=0 median_erpm=22523
=== Test Complete ===
