=== Scenario Capture ===
Loaded scenario: duration=3000ms dshot_speed=4800000 bidir_motors=[0, 2] core1_interval_us=None arming_frame_gap_us=0
Session: /sd/dshot_captures/2026-09-29_07-47-56

Arming for 2000ms...
Armed after 2126ms.

Running scenario for 3000ms...
  [    1.0s] records=258 nonzero=258 missed=1495 rate=257.7/s largest_gap=10.6ms
  [    2.0s] records=517 nonzero=517 missed=2958 rate=258.0/s largest_gap=10.6ms

Scenario duration complete.

Stopping...
Motors stopped and disarmed.
SD card flushed and unmounted.

=== Summary ===
Session: /sd/dshot_captures/2026-09-29_07-47-56
Outcome: completed
Records (captures seen for the first time): 767
Records with a real (non-all-zero) reply: 767
Captures published (last sequence per motor): {0: 4972, 2: 4972}
Captures published but never seen: 4394
Largest gap between records: 17.6ms
Oldest capture at the moment it was read: 2.3ms
Longest gap between update() calls (measured on Core 1): 14.4ms
Packets sent while arming: 2008 (min 621us, max 14360us, avg 1046us)
Motor 0 ground-truth captures while arming (not_running/low/other): 1610/0/3369
Motor 2 ground-truth captures while arming (not_running/low/other): 1611/0/3368
Motor 0 decoded on the device (every 20th capture): decoded=38 crc_ok=38 crc_fail=0 invalid=0 median_erpm=21866
Motor 2 decoded on the device (every 20th capture): decoded=38 crc_ok=38 crc_fail=0 invalid=0 median_erpm=22388
=== Test Complete ===
