=== Scenario Capture ===
Loaded scenario: duration=3000ms dshot_speed=4800000 bidir_motors=[0, 2] core1_interval_us=None arming_frame_gap_us=0
Session: /sd/dshot_captures/2026-09-29_20-06-23

Arming for 2000ms...
Armed after 2146ms.

Running scenario for 3000ms...
  [    1.0s] records=233 nonzero=233 missed=1605 rate=233.0/s largest_gap=44.2ms
  [    2.0s] records=471 nonzero=471 missed=3124 rate=235.3/s largest_gap=44.2ms

Scenario duration complete.

Stopping...
Motors stopped and disarmed.
SD card flushed and unmounted.

=== Summary ===
Session: /sd/dshot_captures/2026-09-29_20-06-23
Outcome: completed
Records (captures seen for the first time): 702
Records with a real (non-all-zero) reply: 702
Captures published (last sequence per motor): {0: 4999, 2: 4999}
Captures published but never seen: 4616
Largest gap between records: 44.2ms
Oldest capture at the moment it was read: 2.2ms
Longest gap between update() calls (measured on Core 1): 14.9ms
Packets sent while arming: 2006 (min 264us, max 14912us, avg 1047us)
Motor 0 ground-truth captures while arming (not_running/low/other): 1634/0/3372
Motor 2 ground-truth captures while arming (not_running/low/other): 1634/0/3372
Motor 0 decoded on the device (every 20th capture): decoded=35 crc_ok=35 crc_fail=0 invalid=0 median_erpm=21866
Motor 2 decoded on the device (every 20th capture): decoded=35 crc_ok=35 crc_fail=0 invalid=0 median_erpm=22388
=== Test Complete ===
