=== Scenario Capture ===
Loaded scenario: duration=3000ms dshot_speed=4800000 bidir_motors=[0, 2] core1_interval_us=None arming_frame_gap_us=0
Session: /sd/dshot_captures/2026-09-28_20-20-22

Arming for 2000ms...
Armed after 2124ms.

Running scenario for 3000ms...
  [    1.0s] records=255 nonzero=255 missed=1541 rate=254.5/s largest_gap=10.3ms
  [    2.0s] records=510 nonzero=510 missed=3063 rate=254.4/s largest_gap=10.3ms

Scenario duration complete.

Stopping...
Motors stopped and disarmed.
SD card flushed and unmounted.

=== Summary ===
Session: /sd/dshot_captures/2026-09-28_20-20-22
Outcome: completed
Records (captures seen for the first time): 755
Records with a real (non-all-zero) reply: 755
Captures published (last sequence per motor): {0: 5055, 2: 5055}
Captures published but never seen: 4558
Largest gap between records: 25.4ms
Oldest capture at the moment it was read: 2.2ms
Longest gap between update() calls (measured on Core 1): 14.9ms
Packets sent while arming: 2023 (min 225us, max 14886us, avg 1038us)
Motor 0 ground-truth captures while arming (not_running/low/other): 1617/0/3445
Motor 2 ground-truth captures while arming (not_running/low/other): 1619/0/3443
Motor 0 decoded on the device (every 20th capture): decoded=37 crc_ok=37 crc_fail=0 invalid=0 median_erpm=21930
Motor 2 decoded on the device (every 20th capture): decoded=37 crc_ok=37 crc_fail=0 invalid=0 median_erpm=22455
=== Test Complete ===
