=== Scenario Capture ===
Loaded scenario: duration=3000ms dshot_speed=4800000 bidir_motors=[0, 2] core1_interval_us=None arming_frame_gap_us=0
Session: /sd/dshot_captures/2026-09-29_20-22-01

Arming for 2000ms...
Armed after 2127ms.

Running scenario for 3000ms...
  [    1.0s] records=258 nonzero=258 missed=1469 rate=258.0/s largest_gap=11.1ms
  [    2.0s] records=515 nonzero=515 missed=2931 rate=257.5/s largest_gap=11.1ms

Scenario duration complete.

Stopping...
Motors stopped and disarmed.
SD card flushed and unmounted.

=== Summary ===
Session: /sd/dshot_captures/2026-09-29_20-22-01
Outcome: completed
Records (captures seen for the first time): 765
Records with a real (non-all-zero) reply: 765
Captures published (last sequence per motor): {0: 4961, 2: 4961}
Captures published but never seen: 4376
Largest gap between records: 17.3ms
Oldest capture at the moment it was read: 14.9ms
Longest gap between update() calls (measured on Core 1): 14.9ms
Packets sent while arming: 2009 (min 244us, max 14925us, avg 1047us)
Motor 0 ground-truth captures while arming (not_running/low/other): 1608/0/3360
Motor 2 ground-truth captures while arming (not_running/low/other): 1609/0/3359
Motor 0 decoded on the device (every 20th capture): decoded=38 crc_ok=38 crc_fail=0 invalid=0 median_erpm=21739
Motor 2 decoded on the device (every 20th capture): decoded=38 crc_ok=38 crc_fail=0 invalid=0 median_erpm=22455
=== Test Complete ===
