=== Scenario Capture ===
Loaded scenario: duration=3000ms dshot_speed=4800000 bidir_motors=[0, 2] core1_interval_us=None arming_frame_gap_us=0
Session: /sd/dshot_captures/2026-09-28_20-09-06

Arming for 2000ms...
Armed after 5074ms.

Running scenario for 3000ms...
  [    1.0s] records=255 nonzero=255 missed=1545 rate=254.5/s largest_gap=9.5ms
  [    2.0s] records=506 nonzero=506 missed=3037 rate=252.7/s largest_gap=17.7ms
  [    3.0s] records=756 nonzero=756 missed=4562 rate=251.8/s largest_gap=17.7ms

Scenario duration complete.

Stopping...
Motors stopped and disarmed.
SD card flushed and unmounted.

=== Summary ===
Session: /sd/dshot_captures/2026-09-28_20-09-06
Outcome: completed
Records (captures seen for the first time): 756
Records with a real (non-all-zero) reply: 756
Captures published (last sequence per motor): {0: 7776, 2: 7776}
Captures published but never seen: 4562
Largest gap between records: 17.7ms
Oldest capture at the moment it was read: 14.4ms
Longest gap between update() calls (measured on Core 1): 14.8ms
Packets sent while arming: 4740 (min 228us, max 14688us, avg 1068us)
Motor 0 ground-truth captures while arming (not_running/low/other): 1483/1087/5214
Motor 2 ground-truth captures while arming (not_running/low/other): 3776/561/3447
Motor 0 decoded on the device (every 20th capture): decoded=37 crc_ok=37 crc_fail=0 invalid=0 median_erpm=22321
Motor 2 decoded on the device (every 20th capture): decoded=37 crc_ok=37 crc_fail=0 invalid=0 median_erpm=22455
=== Test Complete ===
