=== Scenario Capture ===
Loaded scenario: duration=3000ms dshot_speed=4800000 bidir_motors=[0, 2] core1_interval_us=130 arming_frame_gap_us=0
Session: /sd/dshot_captures/2026-09-29_07-35-29

Arming for 2000ms...
Armed after 7028ms.

Running scenario for 3000ms...
  [    1.0s] records=269 nonzero=269 missed=1367 rate=268.2/s largest_gap=10.8ms
  [    2.0s] records=532 nonzero=532 missed=2684 rate=265.6/s largest_gap=16.6ms

Scenario duration complete.

Stopping...
Motors stopped and disarmed.
SD card flushed and unmounted.

=== Summary ===
Session: /sd/dshot_captures/2026-09-29_07-35-29
Outcome: completed
Records (captures seen for the first time): 795
Records with a real (non-all-zero) reply: 795
Captures published (last sequence per motor): {0: 8936, 2: 8936}
Captures published but never seen: 4028
Largest gap between records: 16.6ms
Oldest capture at the moment it was read: 2.1ms
Longest gap between update() calls (measured on Core 1): 14.6ms
Packets sent while arming: 6127 (min 777us, max 14613us, avg 1146us)
Motor 0 decoded on the device (every 20th capture): decoded=39 crc_ok=39 crc_fail=0 invalid=0 median_erpm=22455
Motor 2 decoded on the device (every 20th capture): decoded=39 crc_ok=39 crc_fail=0 invalid=0 median_erpm=22455
=== Test Complete ===
