=== Scenario Capture ===
Loaded scenario: duration=3000ms dshot_speed=4800000 bidir_motors=[0, 2] core1_interval_us=None arming_frame_gap_us=0
Session: /sd/dshot_captures/2026-09-29_20-06-54

Arming for 2000ms...
Armed after 2126ms.

Running scenario for 3000ms...
  [    1.0s] records=258 nonzero=258 missed=1483 rate=257.5/s largest_gap=8.6ms
  [    2.0s] records=515 nonzero=515 missed=2958 rate=257.1/s largest_gap=8.6ms
  [    3.0s] records=760 nonzero=760 missed=4389 rate=253.0/s largest_gap=29.8ms

Scenario duration complete.

Stopping...
Motors stopped and disarmed.
SD card flushed and unmounted.

=== Summary ===
Session: /sd/dshot_captures/2026-09-29_20-06-54
Outcome: completed
Records (captures seen for the first time): 760
Records with a real (non-all-zero) reply: 760
Captures published (last sequence per motor): {0: 4963, 2: 4964}
Captures published but never seen: 4389
Largest gap between records: 29.8ms
Oldest capture at the moment it was read: 2.2ms
Longest gap between update() calls (measured on Core 1): 26.9ms
Packets sent while arming: 2010 (min 243us, max 14570us, avg 1046us)
Motor 0 ground-truth captures while arming (not_running/low/other): 1608/0/3365
Motor 2 ground-truth captures while arming (not_running/low/other): 1610/0/3363
Motor 0 decoded on the device (every 20th capture): decoded=38 crc_ok=38 crc_fail=0 invalid=0 median_erpm=21866
Motor 2 decoded on the device (every 20th capture): decoded=38 crc_ok=38 crc_fail=0 invalid=0 median_erpm=22388
=== Test Complete ===
