=== Scenario Capture ===
Loaded scenario: duration=3000ms dshot_speed=4800000 bidir_motors=[0, 2] core1_interval_us=None arming_frame_gap_us=0
Session: /sd/dshot_captures/2026-09-29_07-33-06

Arming for 2000ms...
Armed after 2126ms.

Running scenario for 3000ms...
  [    1.0s] records=258 nonzero=258 missed=1482 rate=257.5/s largest_gap=10.2ms
  [    2.0s] records=516 nonzero=516 missed=2942 rate=257.7/s largest_gap=10.2ms

Scenario duration complete.

Stopping...
Motors stopped and disarmed.
SD card flushed and unmounted.

=== Summary ===
Session: /sd/dshot_captures/2026-09-29_07-33-06
Outcome: completed
Records (captures seen for the first time): 766
Records with a real (non-all-zero) reply: 766
Captures published (last sequence per motor): {0: 4973, 2: 4974}
Captures published but never seen: 4385
Largest gap between records: 16.8ms
Oldest capture at the moment it was read: 2.3ms
Longest gap between update() calls (measured on Core 1): 14.9ms
Packets sent while arming: 2016 (min 262us, max 14904us, avg 1043us)
Motor 0 ground-truth captures while arming (not_running/low/other): 1613/0/3367
Motor 2 ground-truth captures while arming (not_running/low/other): 1614/0/3366
Motor 0 decoded on the device (every 20th capture): decoded=38 crc_ok=38 crc_fail=0 invalid=0 median_erpm=22388
Motor 2 decoded on the device (every 20th capture): decoded=38 crc_ok=38 crc_fail=0 invalid=0 median_erpm=22321
=== Test Complete ===
