=== Scenario Capture ===
Loaded scenario: duration=3000ms dshot_speed=4800000 bidir_motors=[0, 2] core1_interval_us=None
Session: /sd/dshot_captures/2026-09-27_20-09-49

Arming for 2000ms...
Armed after 4547ms.

Running scenario for 3000ms...
  [    1.0s] records=259 nonzero=259 missed=2105 rate=258.7/s largest_gap=9.6ms
  [    2.0s] records=520 nonzero=520 missed=4173 rate=259.2/s largest_gap=9.6ms

Scenario duration complete.

Stopping...
Motors stopped and disarmed.
SD card flushed and unmounted.

=== Summary ===
Session: /sd/dshot_captures/2026-09-27_20-09-49
Outcome: completed
Records (captures seen for the first time): 771
Records with a real (non-all-zero) reply: 771
Captures published (last sequence per motor): {0: 9425, 2: 9426}
Captures published but never seen: 6225
Largest gap between records: 11.7ms
Oldest capture at the moment it was read: 2.0ms
Longest gap between update() calls (measured on Core 1): 8.6ms
Motor 0 decoded on the device (every 20th capture): decoded=38 crc_ok=38 crc_fail=0 invalid=0 median_erpm=21186
Motor 2 decoded on the device (every 20th capture): decoded=38 crc_ok=38 crc_fail=0 invalid=0 median_erpm=21490
=== Test Complete ===
