=== Scenario Capture ===
Loaded scenario: duration=3000ms dshot_speed=4800000 bidir_motors=[0, 2] core1_interval_us=None arming_frame_gap_us=0
Session: /sd/dshot_captures/2026-09-28_20-41-14

Arming for 2000ms...
Armed after 2128ms.

Running scenario for 3000ms...
  [    1.0s] records=258 nonzero=258 missed=1488 rate=257.7/s largest_gap=9.6ms
  [    2.0s] records=516 nonzero=516 missed=2933 rate=257.7/s largest_gap=9.6ms

Scenario duration complete.

Stopping...
Motors stopped and disarmed.
SD card flushed and unmounted.

=== Summary ===
Session: /sd/dshot_captures/2026-09-28_20-41-14
Outcome: completed
Records (captures seen for the first time): 762
Records with a real (non-all-zero) reply: 762
Captures published (last sequence per motor): {0: 4944, 2: 4944}
Captures published but never seen: 4368
Largest gap between records: 19.2ms
Oldest capture at the moment it was read: 2.2ms
Longest gap between update() calls (measured on Core 1): 14.7ms
Packets sent while arming: 2000 (min 222us, max 14720us, avg 1051us)
Motor 0 ground-truth captures while arming (not_running/low/other): 1606/0/3345
Motor 2 ground-truth captures while arming (not_running/low/other): 1605/0/3346
Motor 0 decoded on the device (every 20th capture): decoded=38 crc_ok=38 crc_fail=0 invalid=0 median_erpm=22523
Motor 2 decoded on the device (every 20th capture): decoded=38 crc_ok=38 crc_fail=0 invalid=0 median_erpm=22455
=== Test Complete ===
