=== Scenario Capture ===
Loaded scenario: duration=3000ms dshot_speed=4800000 bidir_motors=[0, 2] core1_interval_us=None
Session: /sd/dshot_captures/2026-09-27_18-29-34

Arming for 2000ms...
Armed after 2305ms.

Running scenario for 3000ms...
  [    1.0s] records=236 nonzero=236 missed=2270 rate=235.3/s largest_gap=52.1ms
  [    2.0s] records=471 nonzero=471 missed=4364 rate=235.0/s largest_gap=52.1ms

Scenario duration complete.

Stopping...
Motors stopped and disarmed.
SD card flushed and unmounted.

=== Summary ===
Session: /sd/dshot_captures/2026-09-27_18-29-34
Outcome: completed
Records (captures seen for the first time): 700
Records with a real (non-all-zero) reply: 700
Captures published (last sequence per motor): {0: 6838, 2: 6840}
Captures published but never seen: 6494
Largest gap between records: 52.7ms
Oldest capture at the moment it was read: 2.0ms
Longest gap between update() calls (measured on Core 1): 8.1ms
Motor 0 decoded on the device (every 20th capture): decoded=35 crc_ok=35 crc_fail=0 invalid=0 median_erpm=21246
Motor 2 decoded on the device (every 20th capture): decoded=35 crc_ok=35 crc_fail=0 invalid=0 median_erpm=21676
=== Test Complete ===
