=== Scenario Capture ===
Loaded scenario: duration=3000ms dshot_speed=4800000 bidir_motors=[0, 2] core1_interval_us=None arming_frame_gap_us=0
Session: /sd/dshot_captures/2026-09-28_20-40-44

Arming for 2000ms...
Armed after 2126ms.

Running scenario for 3000ms...
  [    1.0s] records=257 nonzero=257 missed=1488 rate=256.0/s largest_gap=10.1ms
  [    2.0s] records=516 nonzero=516 missed=2958 rate=257.1/s largest_gap=10.1ms

Scenario duration complete.

Stopping...
Motors stopped and disarmed.
SD card flushed and unmounted.

=== Summary ===
Session: /sd/dshot_captures/2026-09-28_20-40-44
Outcome: completed
Records (captures seen for the first time): 765
Records with a real (non-all-zero) reply: 765
Captures published (last sequence per motor): {0: 4950, 2: 4951}
Captures published but never seen: 4379
Largest gap between records: 26.0ms
Oldest capture at the moment it was read: 2.2ms
Longest gap between update() calls (measured on Core 1): 14.8ms
Packets sent while arming: 1998 (min 222us, max 14839us, avg 1052us)
Motor 0 ground-truth captures while arming (not_running/low/other): 1598/0/3359
Motor 2 ground-truth captures while arming (not_running/low/other): 1598/0/3359
Motor 0 decoded on the device (every 20th capture): decoded=38 crc_ok=38 crc_fail=0 invalid=0 median_erpm=22455
Motor 2 decoded on the device (every 20th capture): decoded=38 crc_ok=38 crc_fail=0 invalid=0 median_erpm=22523
=== Test Complete ===
