=== Scenario Capture ===
Loaded scenario: duration=3000ms dshot_speed=4800000 bidir_motors=[0, 2] core1_interval_us=None arming_frame_gap_us=0
Session: /sd/dshot_captures/2026-09-28_20-40-13

Arming for 2000ms...
Armed after 2126ms.

Running scenario for 3000ms...
  [    1.0s] records=238 nonzero=238 missed=1506 rate=237.5/s largest_gap=42.7ms
  [    2.0s] records=476 nonzero=476 missed=3025 rate=237.6/s largest_gap=45.3ms

Scenario duration complete.

Stopping...
Motors stopped and disarmed.
SD card flushed and unmounted.

=== Summary ===
Session: /sd/dshot_captures/2026-09-28_20-40-13
Outcome: completed
Records (captures seen for the first time): 703
Records with a real (non-all-zero) reply: 703
Captures published (last sequence per motor): {0: 4921, 2: 4921}
Captures published but never seen: 4474
Largest gap between records: 45.3ms
Oldest capture at the moment it was read: 2.2ms
Longest gap between update() calls (measured on Core 1): 14.8ms
Packets sent while arming: 1982 (min 615us, max 14264us, avg 1061us)
Motor 0 ground-truth captures while arming (not_running/low/other): 1580/0/3348
Motor 2 ground-truth captures while arming (not_running/low/other): 1581/0/3347
Motor 0 decoded on the device (every 20th capture): decoded=35 crc_ok=35 crc_fail=0 invalid=0 median_erpm=22523
Motor 2 decoded on the device (every 20th capture): decoded=35 crc_ok=35 crc_fail=0 invalid=0 median_erpm=22455
=== Test Complete ===
