=== Scenario Capture ===
Loaded scenario: duration=3000ms dshot_speed=4800000 bidir_motors=[0, 2] core1_interval_us=None arming_frame_gap_us=0
Session: /sd/dshot_captures/2026-09-29_20-17-05

Arming for 2000ms...
Armed after 2114ms.

Running scenario for 3000ms...
  [    1.0s] records=257 nonzero=257 missed=1651 rate=256.0/s largest_gap=10.5ms
  [    2.0s] records=514 nonzero=514 missed=3272 rate=256.5/s largest_gap=10.5ms

Scenario duration complete.

Stopping...
Motors stopped and disarmed.
SD card flushed and unmounted.

=== Summary ===
Session: /sd/dshot_captures/2026-09-29_20-17-05
Outcome: completed
Records (captures seen for the first time): 762
Records with a real (non-all-zero) reply: 762
Captures published (last sequence per motor): {0: 5327, 2: 5327}
Captures published but never seen: 4846
Largest gap between records: 17.1ms
Oldest capture at the moment it was read: 13.5ms
Longest gap between update() calls (measured on Core 1): 14.3ms
Packets sent while arming: 2142 (min 609us, max 1410us, avg 978us)
Motor 0 decoded on the device (every 20th capture): decoded=38 crc_ok=38 crc_fail=0 invalid=0 median_erpm=21866
Motor 2 decoded on the device (every 20th capture): decoded=38 crc_ok=38 crc_fail=0 invalid=0 median_erpm=22455
=== Test Complete ===
