=== Scenario Capture ===
Loaded scenario: duration=3000ms dshot_speed=4800000 bidir_motors=[0, 2] core1_interval_us=None arming_frame_gap_us=0
Session: /sd/dshot_captures/2026-09-28_20-20-37

Arming for 2000ms...
Armed after 2122ms.

Running scenario for 3000ms...
  [    1.0s] records=252 nonzero=252 missed=1552 rate=251.7/s largest_gap=9.6ms
  [    2.0s] records=508 nonzero=508 missed=3060 rate=253.9/s largest_gap=9.6ms
  [    3.0s] records=755 nonzero=755 missed=4552 rate=251.6/s largest_gap=25.2ms

Scenario duration complete.

Stopping...
Motors stopped and disarmed.
SD card flushed and unmounted.

=== Summary ===
Session: /sd/dshot_captures/2026-09-28_20-20-37
Outcome: completed
Records (captures seen for the first time): 755
Records with a real (non-all-zero) reply: 755
Captures published (last sequence per motor): {0: 5058, 2: 5058}
Captures published but never seen: 4552
Largest gap between records: 25.2ms
Oldest capture at the moment it was read: 2.1ms
Longest gap between update() calls (measured on Core 1): 14.6ms
Packets sent while arming: 2029 (min 611us, max 14563us, avg 1034us)
Motor 0 ground-truth captures while arming (not_running/low/other): 1622/0/3445
Motor 2 ground-truth captures while arming (not_running/low/other): 1623/0/3444
Motor 0 decoded on the device (every 20th capture): decoded=37 crc_ok=37 crc_fail=0 invalid=0 median_erpm=21866
Motor 2 decoded on the device (every 20th capture): decoded=37 crc_ok=37 crc_fail=0 invalid=0 median_erpm=22455
=== Test Complete ===
