=== Scenario Capture ===
Loaded scenario: duration=3000ms dshot_speed=4800000 bidir_motors=[0, 2] core1_interval_us=None arming_frame_gap_us=0
Session: /sd/dshot_captures/2026-09-29_07-47-03

Arming for 2000ms...
Armed after 2127ms.

Running scenario for 3000ms...
  [    1.0s] records=257 nonzero=257 missed=1474 rate=256.7/s largest_gap=10.4ms
  [    2.0s] records=514 nonzero=514 missed=2948 rate=256.5/s largest_gap=10.4ms

Scenario duration complete.

Stopping...
Motors stopped and disarmed.
SD card flushed and unmounted.

=== Summary ===
Session: /sd/dshot_captures/2026-09-29_07-47-03
Outcome: completed
Records (captures seen for the first time): 764
Records with a real (non-all-zero) reply: 764
Captures published (last sequence per motor): {0: 4971, 2: 4971}
Captures published but never seen: 4388
Largest gap between records: 17.3ms
Oldest capture at the moment it was read: 13.5ms
Longest gap between update() calls (measured on Core 1): 15.0ms
Packets sent while arming: 2013 (min 221us, max 14953us, avg 1044us)
Motor 0 ground-truth captures while arming (not_running/low/other): 1612/0/3366
Motor 2 ground-truth captures while arming (not_running/low/other): 1613/0/3365
Motor 0 decoded on the device (every 20th capture): decoded=38 crc_ok=38 crc_fail=0 invalid=0 median_erpm=21802
Motor 2 decoded on the device (every 20th capture): decoded=38 crc_ok=38 crc_fail=0 invalid=0 median_erpm=22455
=== Test Complete ===
