=== Scenario Capture ===
Loaded scenario: duration=3000ms dshot_speed=4800000 bidir_motors=[0, 2] core1_interval_us=None arming_frame_gap_us=0
Session: /sd/dshot_captures/2026-09-28_20-34-10

Arming for 2000ms...
Armed after 2592ms.

Running scenario for 3000ms...
  [    1.0s] records=259 nonzero=259 missed=1489 rate=258.5/s largest_gap=9.8ms
  [    2.0s] records=512 nonzero=512 missed=2928 rate=255.6/s largest_gap=16.7ms

Scenario duration complete.

Stopping...
Motors stopped and disarmed.
SD card flushed and unmounted.

=== Summary ===
Session: /sd/dshot_captures/2026-09-28_20-34-10
Outcome: completed
Records (captures seen for the first time): 764
Records with a real (non-all-zero) reply: 764
Captures published (last sequence per motor): {0: 5371, 2: 5371}
Captures published but never seen: 4388
Largest gap between records: 16.7ms
Oldest capture at the moment it was read: 2.2ms
Longest gap between update() calls (measured on Core 1): 14.7ms
Packets sent while arming: 2414 (min 258us, max 14630us, avg 1064us)
Motor 0 reboot log (ms since arm(), duration ms, source): [(8, 466, 'low')]
Motor 0 ground-truth captures while arming (not_running/low/other): 1570/458/3350
Motor 2 ground-truth captures while arming (not_running/low/other): 2033/0/3345
Motor 0 decoded on the device (every 20th capture): decoded=38 crc_ok=38 crc_fail=0 invalid=0 median_erpm=22455
Motor 2 decoded on the device (every 20th capture): decoded=38 crc_ok=38 crc_fail=0 invalid=0 median_erpm=22455
=== Test Complete ===
