=== Scenario Capture ===
Loaded scenario: duration=3000ms dshot_speed=4800000 bidir_motors=[0, 2] core1_interval_us=None arming_frame_gap_us=0
Session: /sd/dshot_captures/2026-09-29_20-16-23

Arming for 2000ms...
Armed after 7052ms.

Running scenario for 3000ms...
  [    1.0s] records=257 nonzero=257 missed=1488 rate=257.0/s largest_gap=9.9ms
  [    2.0s] records=511 nonzero=511 missed=2928 rate=255.5/s largest_gap=18.5ms

Scenario duration complete.

Stopping...
Motors stopped and disarmed.
SD card flushed and unmounted.

=== Summary ===
Session: /sd/dshot_captures/2026-09-29_20-16-23
Outcome: completed
Records (captures seen for the first time): 762
Records with a real (non-all-zero) reply: 762
Captures published (last sequence per motor): {0: 9511, 2: 9511}
Captures published but never seen: 4414
Largest gap between records: 18.5ms
Oldest capture at the moment it was read: 2.2ms
Longest gap between update() calls (measured on Core 1): 14.6ms
Packets sent while arming: 6544 (min 235us, max 14627us, avg 1074us)
Motor 0 reboot log (ms since arm(), duration ms, source): [(1, 358, 'low'), (2214, 602, 'low')]
Motor 0 ground-truth captures while arming (not_running/low/other): 3321/953/5244
Motor 2 reboot log (ms since arm(), duration ms, source): [(1857, 602, 'low'), (4312, 602, 'low')]
Motor 2 ground-truth captures while arming (not_running/low/other): 1443/1123/6952
Motor 0 decoded on the device (every 20th capture): decoded=38 crc_ok=38 crc_fail=0 invalid=0 median_erpm=21866
Motor 2 decoded on the device (every 20th capture): decoded=38 crc_ok=38 crc_fail=0 invalid=0 median_erpm=22455
=== Test Complete ===
