=== Scenario Capture ===
Loaded scenario: duration=3000ms dshot_speed=4800000 bidir_motors=[0, 2] core1_interval_us=None arming_frame_gap_us=0
Session: /sd/dshot_captures/2026-09-28_20-39-58

Arming for 2000ms...
Armed after 2126ms.

Running scenario for 3000ms...
  [    1.0s] records=229 nonzero=229 missed=1636 rate=229.0/s largest_gap=50.9ms
  [    2.0s] records=462 nonzero=462 missed=3164 rate=230.9/s largest_gap=51.4ms

Scenario duration complete.

Stopping...
Motors stopped and disarmed.
SD card flushed and unmounted.

=== Summary ===
Session: /sd/dshot_captures/2026-09-28_20-39-58
Outcome: completed
Records (captures seen for the first time): 686
Records with a real (non-all-zero) reply: 686
Captures published (last sequence per motor): {0: 5002, 2: 5002}
Captures published but never seen: 4670
Largest gap between records: 58.5ms
Oldest capture at the moment it was read: 2.3ms
Longest gap between update() calls (measured on Core 1): 14.8ms
Packets sent while arming: 1982 (min 625us, max 14643us, avg 1061us)
Motor 0 ground-truth captures while arming (not_running/low/other): 1657/0/3352
Motor 2 ground-truth captures while arming (not_running/low/other): 1655/0/3354
Motor 0 decoded on the device (every 20th capture): decoded=34 crc_ok=34 crc_fail=0 invalid=0 median_erpm=22523
Motor 2 decoded on the device (every 20th capture): decoded=34 crc_ok=34 crc_fail=0 invalid=0 median_erpm=22455
=== Test Complete ===
