=== Scenario Capture ===
Loaded scenario: duration=3000ms dshot_speed=4800000 bidir_motors=[0, 2] core1_interval_us=None
Session: /sd/dshot_captures/2026-09-27_18-30-30

Arming for 2000ms...
Armed after 4542ms.

Running scenario for 3000ms...
  [    1.0s] records=260 nonzero=260 missed=2061 rate=260.0/s largest_gap=9.4ms
  [    2.0s] records=521 nonzero=521 missed=4097 rate=260.2/s largest_gap=9.4ms

Scenario duration complete.

Stopping...
Motors stopped and disarmed.
SD card flushed and unmounted.

=== Summary ===
Session: /sd/dshot_captures/2026-09-27_18-30-30
Outcome: completed
Records (captures seen for the first time): 774
Records with a real (non-all-zero) reply: 774
Captures published (last sequence per motor): {0: 9541, 2: 9542}
Captures published but never seen: 6123
Largest gap between records: 12.0ms
Oldest capture at the moment it was read: 2.0ms
Longest gap between update() calls (measured on Core 1): 8.2ms
Motor 0 decoded on the device (every 20th capture): decoded=38 crc_ok=38 crc_fail=0 invalid=0 median_erpm=21368
Motor 2 decoded on the device (every 20th capture): decoded=38 crc_ok=38 crc_fail=0 invalid=0 median_erpm=21739
=== Test Complete ===
