=== Scenario Capture ===
Loaded scenario: duration=3000ms dshot_speed=4800000 bidir_motors=[0, 2] core1_interval_us=None arming_frame_gap_us=0
Session: /sd/dshot_captures/2026-09-28_20-19-26

Arming for 2000ms...
Armed after 2127ms.

Running scenario for 3000ms...
  [    1.0s] records=234 nonzero=234 missed=1566 rate=234.0/s largest_gap=47.8ms
  [    2.0s] records=467 nonzero=467 missed=3149 rate=233.4/s largest_gap=47.8ms
  [    3.0s] records=695 nonzero=695 missed=4694 rate=231.6/s largest_gap=47.8ms

Scenario duration complete.

Stopping...
Motors stopped and disarmed.
SD card flushed and unmounted.

=== Summary ===
Session: /sd/dshot_captures/2026-09-28_20-19-26
Outcome: completed
Records (captures seen for the first time): 695
Records with a real (non-all-zero) reply: 695
Captures published (last sequence per motor): {0: 5061, 2: 5061}
Captures published but never seen: 4694
Largest gap between records: 47.8ms
Oldest capture at the moment it was read: 2.1ms
Longest gap between update() calls (measured on Core 1): 14.8ms
Packets sent while arming: 2021 (min 235us, max 14814us, avg 1041us)
Motor 0 ground-truth captures while arming (not_running/low/other): 1619/0/3451
Motor 2 ground-truth captures while arming (not_running/low/other): 1619/0/3451
Motor 0 decoded on the device (every 20th capture): decoded=34 crc_ok=34 crc_fail=0 invalid=0 median_erpm=21994
Motor 2 decoded on the device (every 20th capture): decoded=34 crc_ok=34 crc_fail=0 invalid=0 median_erpm=22455
=== Test Complete ===
