=== Scenario Capture ===
Loaded scenario: duration=3000ms dshot_speed=4800000 bidir_motors=[0, 2] core1_interval_us=None arming_frame_gap_us=0
Session: /sd/dshot_captures/2026-09-29_20-17-20

Arming for 2000ms...
Armed after 2125ms.

Running scenario for 3000ms...
  [    1.0s] records=258 nonzero=258 missed=1480 rate=258.0/s largest_gap=10.0ms
  [    2.0s] records=515 nonzero=515 missed=2948 rate=257.2/s largest_gap=10.0ms

Scenario duration complete.

Stopping...
Motors stopped and disarmed.
SD card flushed and unmounted.

=== Summary ===
Session: /sd/dshot_captures/2026-09-29_20-17-20
Outcome: completed
Records (captures seen for the first time): 763
Records with a real (non-all-zero) reply: 763
Captures published (last sequence per motor): {0: 4970, 2: 4970}
Captures published but never seen: 4398
Largest gap between records: 17.6ms
Oldest capture at the moment it was read: 2.2ms
Longest gap between update() calls (measured on Core 1): 15.0ms
Packets sent while arming: 2009 (min 219us, max 14960us, avg 1046us)
Motor 0 ground-truth captures while arming (not_running/low/other): 1608/0/3369
Motor 2 ground-truth captures while arming (not_running/low/other): 1610/0/3367
Motor 0 decoded on the device (every 20th capture): decoded=38 crc_ok=38 crc_fail=0 invalid=0 median_erpm=21930
Motor 2 decoded on the device (every 20th capture): decoded=38 crc_ok=38 crc_fail=0 invalid=0 median_erpm=22455
=== Test Complete ===
