=== Scenario Capture ===
Loaded scenario: duration=3000ms dshot_speed=4800000 bidir_motors=[0, 2] core1_interval_us=None
Session: /sd/dshot_captures/2026-09-27_18-56-36

Arming for 2000ms...
Armed after 4550ms.

Running scenario for 3000ms...
  [    1.0s] records=255 nonzero=255 missed=2080 rate=254.7/s largest_gap=10.5ms
  [    2.0s] records=512 nonzero=512 missed=4117 rate=255.6/s largest_gap=10.5ms

Scenario duration complete.

Stopping...
Motors stopped and disarmed.
SD card flushed and unmounted.

=== Summary ===
Session: /sd/dshot_captures/2026-09-27_18-56-36
Outcome: completed
Records (captures seen for the first time): 760
Records with a real (non-all-zero) reply: 760
Captures published (last sequence per motor): {0: 9339, 2: 9341}
Captures published but never seen: 6136
Largest gap between records: 13.8ms
Oldest capture at the moment it was read: 9.5ms
Longest gap between update() calls (measured on Core 1): 8.6ms
Motor 0 decoded on the device (every 20th capture): decoded=38 crc_ok=38 crc_fail=0 invalid=0 median_erpm=21307
Motor 2 decoded on the device (every 20th capture): decoded=38 crc_ok=38 crc_fail=0 invalid=0 median_erpm=21429
=== Test Complete ===
