=== Scenario Capture ===
Loaded scenario: duration=3000ms dshot_speed=4800000 bidir_motors=[0, 2] core1_interval_us=None arming_frame_gap_us=0
Session: /sd/dshot_captures/2026-09-28_20-38-40

Arming for 2000ms...
Armed after 2128ms.

Running scenario for 3000ms...
  [    1.0s] records=257 nonzero=257 missed=1475 rate=256.2/s largest_gap=10.3ms
  [    2.0s] records=515 nonzero=515 missed=2941 rate=257.0/s largest_gap=10.3ms

Scenario duration complete.

Stopping...
Motors stopped and disarmed.
SD card flushed and unmounted.

=== Summary ===
Session: /sd/dshot_captures/2026-09-28_20-38-40
Outcome: completed
Records (captures seen for the first time): 764
Records with a real (non-all-zero) reply: 764
Captures published (last sequence per motor): {0: 4944, 2: 4944}
Captures published but never seen: 4376
Largest gap between records: 17.7ms
Oldest capture at the moment it was read: 2.3ms
Longest gap between update() calls (measured on Core 1): 14.9ms
Packets sent while arming: 1993 (min 219us, max 14867us, avg 1055us)
Motor 0 ground-truth captures while arming (not_running/low/other): 1597/0/3354
Motor 2 ground-truth captures while arming (not_running/low/other): 1597/0/3354
Motor 0 decoded on the device (every 20th capture): decoded=38 crc_ok=38 crc_fail=0 invalid=0 median_erpm=22523
Motor 2 decoded on the device (every 20th capture): decoded=38 crc_ok=38 crc_fail=0 invalid=0 median_erpm=22523
=== Test Complete ===
