=== Scenario Capture ===
Loaded scenario: duration=3000ms dshot_speed=4800000 bidir_motors=[0, 2] core1_interval_us=130 arming_frame_gap_us=0
Session: /sd/dshot_captures/2026-09-29_07-39-35

Arming for 2000ms...
Armed after 2113ms.

Running scenario for 3000ms...
  [    1.0s] records=267 nonzero=267 missed=1356 rate=267.0/s largest_gap=9.8ms
  [    2.0s] records=536 nonzero=536 missed=2684 rate=268.0/s largest_gap=9.8ms
  [    3.0s] records=796 nonzero=796 missed=4020 rate=265.2/s largest_gap=17.8ms

Scenario duration complete.

Stopping...
Motors stopped and disarmed.
SD card flushed and unmounted.

=== Summary ===
Session: /sd/dshot_captures/2026-09-29_07-39-35
Outcome: completed
Records (captures seen for the first time): 796
Records with a real (non-all-zero) reply: 796
Captures published (last sequence per motor): {0: 4676, 2: 4676}
Captures published but never seen: 4020
Largest gap between records: 17.8ms
Oldest capture at the moment it was read: 14.2ms
Longest gap between update() calls (measured on Core 1): 14.5ms
Packets sent while arming: 1870 (min 766us, max 14339us, avg 1127us)
Motor 0 decoded on the device (every 20th capture): decoded=39 crc_ok=39 crc_fail=0 invalid=0 median_erpm=22523
Motor 2 decoded on the device (every 20th capture): decoded=39 crc_ok=39 crc_fail=0 invalid=0 median_erpm=22455
=== Test Complete ===
