=== Scenario Capture ===
Loaded scenario: duration=3000ms dshot_speed=4800000 bidir_motors=[0, 2] core1_interval_us=None arming_frame_gap_us=0
Session: /sd/dshot_captures/2026-09-29_20-06-38

Arming for 2000ms...
Armed after 2129ms.

Running scenario for 3000ms...
  [    1.0s] records=256 nonzero=256 missed=1500 rate=256.0/s largest_gap=13.4ms
  [    2.0s] records=514 nonzero=514 missed=2968 rate=256.6/s largest_gap=13.4ms

Scenario duration complete.

Stopping...
Motors stopped and disarmed.
SD card flushed and unmounted.

=== Summary ===
Session: /sd/dshot_captures/2026-09-29_20-06-38
Outcome: completed
Records (captures seen for the first time): 762
Records with a real (non-all-zero) reply: 762
Captures published (last sequence per motor): {0: 4976, 2: 4976}
Captures published but never seen: 4406
Largest gap between records: 17.9ms
Oldest capture at the moment it was read: 14.6ms
Longest gap between update() calls (measured on Core 1): 15.3ms
Packets sent while arming: 2013 (min 262us, max 15252us, avg 1044us)
Motor 0 ground-truth captures while arming (not_running/low/other): 1617/0/3366
Motor 2 ground-truth captures while arming (not_running/low/other): 1617/0/3366
Motor 0 decoded on the device (every 20th capture): decoded=38 crc_ok=38 crc_fail=0 invalid=0 median_erpm=21866
Motor 2 decoded on the device (every 20th capture): decoded=38 crc_ok=38 crc_fail=0 invalid=0 median_erpm=22388
=== Test Complete ===
