=== Scenario Capture ===
Loaded scenario: duration=3000ms dshot_speed=4800000 bidir_motors=[0, 2] core1_interval_us=130 arming_frame_gap_us=0
Session: /sd/dshot_captures/2026-09-29_07-37-53

Arming for 2000ms...
Armed after 4572ms.

Running scenario for 3000ms...
  [    1.0s] records=269 nonzero=269 missed=1355 rate=268.7/s largest_gap=9.4ms
  [    2.0s] records=533 nonzero=533 missed=2672 rate=266.2/s largest_gap=17.6ms

Scenario duration complete.

Stopping...
Motors stopped and disarmed.
SD card flushed and unmounted.

=== Summary ===
Session: /sd/dshot_captures/2026-09-29_07-37-53
Outcome: completed
Records (captures seen for the first time): 794
Records with a real (non-all-zero) reply: 794
Captures published (last sequence per motor): {0: 6909, 2: 6909}
Captures published but never seen: 4024
Largest gap between records: 17.6ms
Oldest capture at the moment it was read: 2.2ms
Longest gap between update() calls (measured on Core 1): 14.5ms
Packets sent while arming: 4103 (min 761us, max 14508us, avg 1113us)
Motor 0 decoded on the device (every 20th capture): decoded=39 crc_ok=39 crc_fail=0 invalid=0 median_erpm=22455
Motor 2 decoded on the device (every 20th capture): decoded=39 crc_ok=39 crc_fail=0 invalid=0 median_erpm=22455
=== Test Complete ===
