=== Scenario Capture ===
Loaded scenario: duration=3000ms dshot_speed=4800000 bidir_motors=[0, 2] core1_interval_us=None
Session: /sd/dshot_captures/2026-09-27_18-30-59

Arming for 2000ms...
Armed after 6996ms.

Running scenario for 3000ms...
  [    1.0s] records=260 nonzero=260 missed=2074 rate=259.0/s largest_gap=10.5ms
  [    2.0s] records=518 nonzero=518 missed=4102 rate=258.2/s largest_gap=11.7ms

Scenario duration complete.

Stopping...
Motors stopped and disarmed.
SD card flushed and unmounted.

=== Summary ===
Session: /sd/dshot_captures/2026-09-27_18-30-59
Outcome: completed
Records (captures seen for the first time): 772
Records with a real (non-all-zero) reply: 772
Captures published (last sequence per motor): {0: 12692, 2: 12692}
Captures published but never seen: 6132
Largest gap between records: 14.3ms
Oldest capture at the moment it was read: 8.8ms
Longest gap between update() calls (measured on Core 1): 8.7ms
Motor 0 decoded on the device (every 20th capture): decoded=38 crc_ok=38 crc_fail=0 invalid=0 median_erpm=21246
Motor 2 decoded on the device (every 20th capture): decoded=38 crc_ok=38 crc_fail=0 invalid=0 median_erpm=21614
=== Test Complete ===
