=== Scenario Capture ===
Loaded scenario: duration=3000ms dshot_speed=4800000 bidir_motors=[0, 2] core1_interval_us=None
Session: /sd/dshot_captures/2026-09-27_18-55-03

Arming for 2000ms...
Armed after 4543ms.

Running scenario for 3000ms...
  [    1.0s] records=254 nonzero=254 missed=2096 rate=253.2/s largest_gap=9.7ms
  [    2.0s] records=509 nonzero=509 missed=4150 rate=253.9/s largest_gap=9.7ms

Scenario duration complete.

Stopping...
Motors stopped and disarmed.
SD card flushed and unmounted.

=== Summary ===
Session: /sd/dshot_captures/2026-09-27_18-55-03
Outcome: completed
Records (captures seen for the first time): 755
Records with a real (non-all-zero) reply: 755
Captures published (last sequence per motor): {0: 9692, 2: 9692}
Captures published but never seen: 6180
Largest gap between records: 14.6ms
Oldest capture at the moment it was read: 2.0ms
Longest gap between update() calls (measured on Core 1): 8.9ms
Motor 0 decoded on the device (every 20th capture): decoded=37 crc_ok=37 crc_fail=0 invalid=0 median_erpm=21368
Motor 2 decoded on the device (every 20th capture): decoded=37 crc_ok=37 crc_fail=0 invalid=0 median_erpm=21614
=== Test Complete ===
