=== Scenario Capture ===
Loaded scenario: duration=3000ms dshot_speed=4800000 bidir_motors=[0, 2] core1_interval_us=None arming_frame_gap_us=0
Session: /sd/dshot_captures/2026-09-29_07-39-50

Arming for 2000ms...
Armed after 2124ms.

Running scenario for 3000ms...
  [    1.0s] records=257 nonzero=257 missed=1488 rate=256.7/s largest_gap=10.5ms
  [    2.0s] records=515 nonzero=515 missed=2949 rate=257.4/s largest_gap=10.5ms
  [    3.0s] records=765 nonzero=765 missed=4400 rate=254.9/s largest_gap=16.7ms

Scenario duration complete.

Stopping...
Motors stopped and disarmed.
SD card flushed and unmounted.

=== Summary ===
Session: /sd/dshot_captures/2026-09-29_07-39-50
Outcome: completed
Records (captures seen for the first time): 765
Records with a real (non-all-zero) reply: 765
Captures published (last sequence per motor): {0: 4977, 2: 4977}
Captures published but never seen: 4400
Largest gap between records: 16.7ms
Oldest capture at the moment it was read: 2.3ms
Longest gap between update() calls (measured on Core 1): 14.7ms
Packets sent while arming: 2014 (min 248us, max 14577us, avg 1043us)
Motor 0 ground-truth captures while arming (not_running/low/other): 1614/0/3371
Motor 2 ground-truth captures while arming (not_running/low/other): 1613/0/3372
Motor 0 decoded on the device (every 20th capture): decoded=38 crc_ok=38 crc_fail=0 invalid=0 median_erpm=22455
Motor 2 decoded on the device (every 20th capture): decoded=38 crc_ok=38 crc_fail=0 invalid=0 median_erpm=22455
=== Test Complete ===
