=== Scenario Capture ===
Loaded scenario: duration=3000ms dshot_speed=4800000 bidir_motors=[0, 2] core1_interval_us=None
Session: /sd/dshot_captures/2026-09-27_18-27-51

Arming for 2000ms...
Armed after 9459ms.

Running scenario for 3000ms...
  [    1.0s] records=259 nonzero=259 missed=2077 rate=259.0/s largest_gap=9.7ms
  [    2.0s] records=516 nonzero=516 missed=4102 rate=257.9/s largest_gap=12.8ms

Scenario duration complete.

Stopping...
Motors stopped and disarmed.
SD card flushed and unmounted.

=== Summary ===
Session: /sd/dshot_captures/2026-09-27_18-27-51
Outcome: completed
Records (captures seen for the first time): 769
Records with a real (non-all-zero) reply: 769
Captures published (last sequence per motor): {0: 15020, 2: 15020}
Captures published but never seen: 6152
Largest gap between records: 12.8ms
Oldest capture at the moment it was read: 2.0ms
Longest gap between update() calls (measured on Core 1): 8.5ms
Motor 0 decoded on the device (every 20th capture): decoded=38 crc_ok=38 crc_fail=0 invalid=0 median_erpm=21307
Motor 2 decoded on the device (every 20th capture): decoded=38 crc_ok=38 crc_fail=0 invalid=0 median_erpm=21552
=== Test Complete ===
