=== Scenario Capture ===
Loaded scenario: duration=3000ms dshot_speed=4800000 bidir_motors=[0, 2] core1_interval_us=None arming_frame_gap_us=0
Session: /sd/dshot_captures/2026-09-29_07-48-56

Arming for 2000ms...
Armed after 4565ms.

Running scenario for 3000ms...
  [    1.0s] records=238 nonzero=238 missed=1792 rate=237.5/s largest_gap=44.9ms
  [    2.0s] records=476 nonzero=476 missed=3356 rate=234.3/s largest_gap=45.0ms

Scenario duration complete.

Stopping...
Motors stopped and disarmed.
SD card flushed and unmounted.

=== Summary ===
Session: /sd/dshot_captures/2026-09-29_07-48-56
Outcome: completed
Records (captures seen for the first time): 701
Records with a real (non-all-zero) reply: 701
Captures published (last sequence per motor): {0: 7631, 2: 7631}
Captures published but never seen: 5050
Largest gap between records: 52.3ms
Oldest capture at the moment it was read: 14.4ms
Longest gap between update() calls (measured on Core 1): 14.3ms
Packets sent while arming: 4405 (min 620us, max 14260us, avg 1035us)
Motor 0 decoded on the device (every 20th capture): decoded=35 crc_ok=35 crc_fail=0 invalid=0 median_erpm=21866
Motor 2 decoded on the device (every 20th capture): decoded=35 crc_ok=35 crc_fail=0 invalid=0 median_erpm=22455
=== Test Complete ===
