=== Scenario Capture ===
Loaded scenario: duration=3000ms dshot_speed=4800000 bidir_motors=[0, 2] core1_interval_us=130 arming_frame_gap_us=0
Session: /sd/dshot_captures/2026-09-29_07-36-19

Arming for 2000ms...
Armed after 2111ms.

Running scenario for 3000ms...
  [    1.0s] records=268 nonzero=268 missed=1360 rate=267.7/s largest_gap=9.6ms
  [    2.0s] records=535 nonzero=535 missed=2706 rate=267.1/s largest_gap=9.6ms

Scenario duration complete.

Stopping...
Motors stopped and disarmed.
SD card flushed and unmounted.

=== Summary ===
Session: /sd/dshot_captures/2026-09-29_07-36-19
Outcome: completed
Records (captures seen for the first time): 794
Records with a real (non-all-zero) reply: 794
Captures published (last sequence per motor): {0: 4685, 2: 4685}
Captures published but never seen: 4032
Largest gap between records: 16.3ms
Oldest capture at the moment it was read: 2.1ms
Longest gap between update() calls (measured on Core 1): 14.7ms
Packets sent while arming: 1876 (min 776us, max 14687us, avg 1124us)
Motor 0 decoded on the device (every 20th capture): decoded=39 crc_ok=39 crc_fail=0 invalid=0 median_erpm=22455
Motor 2 decoded on the device (every 20th capture): decoded=39 crc_ok=39 crc_fail=0 invalid=0 median_erpm=22455
=== Test Complete ===
