=== Scenario Capture ===
Loaded scenario: duration=3000ms dshot_speed=4800000 bidir_motors=[0, 2] core1_interval_us=130 arming_frame_gap_us=0
Session: /sd/dshot_captures/2026-09-29_07-50-04

Arming for 2000ms...
Armed after 2111ms.

Running scenario for 3000ms...
  [    1.0s] records=266 nonzero=266 missed=1364 rate=265.7/s largest_gap=9.8ms
  [    2.0s] records=535 nonzero=535 missed=2694 rate=267.4/s largest_gap=9.8ms
  [    3.0s] records=796 nonzero=796 missed=4016 rate=265.2/s largest_gap=16.3ms

Scenario duration complete.

Stopping...
Motors stopped and disarmed.
SD card flushed and unmounted.

=== Summary ===
Session: /sd/dshot_captures/2026-09-29_07-50-04
Outcome: completed
Records (captures seen for the first time): 796
Records with a real (non-all-zero) reply: 796
Captures published (last sequence per motor): {0: 4677, 2: 4677}
Captures published but never seen: 4016
Largest gap between records: 16.3ms
Oldest capture at the moment it was read: 2.2ms
Longest gap between update() calls (measured on Core 1): 14.3ms
Packets sent while arming: 1873 (min 727us, max 14291us, avg 1125us)
Motor 0 decoded on the device (every 20th capture): decoded=39 crc_ok=39 crc_fail=0 invalid=0 median_erpm=21866
Motor 2 decoded on the device (every 20th capture): decoded=39 crc_ok=39 crc_fail=0 invalid=0 median_erpm=22388
=== Test Complete ===
