=== Scenario Capture ===
Loaded scenario: duration=3000ms dshot_speed=4800000 bidir_motors=[0, 2] core1_interval_us=None arming_frame_gap_us=0
Session: /sd/dshot_captures/2026-09-29_07-35-12

Arming for 2000ms...
Armed after 4569ms.

Running scenario for 3000ms...
  [    1.0s] records=257 nonzero=257 missed=1636 rate=256.5/s largest_gap=10.6ms
  [    2.0s] records=515 nonzero=515 missed=3272 rate=256.9/s largest_gap=10.6ms

Scenario duration complete.

Stopping...
Motors stopped and disarmed.
SD card flushed and unmounted.

=== Summary ===
Session: /sd/dshot_captures/2026-09-29_07-35-12
Outcome: completed
Records (captures seen for the first time): 762
Records with a real (non-all-zero) reply: 762
Captures published (last sequence per motor): {0: 7578, 2: 7578}
Captures published but never seen: 4850
Largest gap between records: 18.7ms
Oldest capture at the moment it was read: 2.2ms
Longest gap between update() calls (measured on Core 1): 14.5ms
Packets sent while arming: 4391 (min 608us, max 14519us, avg 1039us)
Motor 0 decoded on the device (every 20th capture): decoded=38 crc_ok=38 crc_fail=0 invalid=0 median_erpm=22455
Motor 2 decoded on the device (every 20th capture): decoded=38 crc_ok=38 crc_fail=0 invalid=0 median_erpm=22388
=== Test Complete ===
