=== Scenario Capture ===
Loaded scenario: duration=3000ms dshot_speed=4800000 bidir_motors=[0, 2] core1_interval_us=None arming_frame_gap_us=0
Session: /sd/dshot_captures/2026-09-29_20-05-07

Arming for 2000ms...
Armed after 2126ms.

Running scenario for 3000ms...
  [    1.0s] records=257 nonzero=257 missed=1482 rate=256.5/s largest_gap=10.4ms
  [    2.0s] records=515 nonzero=515 missed=2950 rate=257.1/s largest_gap=10.4ms

Scenario duration complete.

Stopping...
Motors stopped and disarmed.
SD card flushed and unmounted.

=== Summary ===
Session: /sd/dshot_captures/2026-09-29_20-05-07
Outcome: completed
Records (captures seen for the first time): 765
Records with a real (non-all-zero) reply: 765
Captures published (last sequence per motor): {0: 4969, 2: 4969}
Captures published but never seen: 4382
Largest gap between records: 17.5ms
Oldest capture at the moment it was read: 2.3ms
Longest gap between update() calls (measured on Core 1): 15.0ms
Packets sent while arming: 2014 (min 263us, max 15026us, avg 1044us)
Motor 0 ground-truth captures while arming (not_running/low/other): 1613/0/3363
Motor 2 ground-truth captures while arming (not_running/low/other): 1612/0/3364
Motor 0 decoded on the device (every 20th capture): decoded=38 crc_ok=38 crc_fail=0 invalid=0 median_erpm=21802
Motor 2 decoded on the device (every 20th capture): decoded=38 crc_ok=38 crc_fail=0 invalid=0 median_erpm=22321
=== Test Complete ===
