=== Scenario Capture ===
Loaded scenario: duration=3000ms dshot_speed=4800000 bidir_motors=[0, 2] core1_interval_us=130 arming_frame_gap_us=0
Session: /sd/dshot_captures/2026-09-29_07-50-49

Arming for 2000ms...
Armed after 2113ms.

Running scenario for 3000ms...
  [    1.0s] records=267 nonzero=267 missed=1362 rate=266.7/s largest_gap=9.6ms
  [    2.0s] records=536 nonzero=536 missed=2698 rate=267.6/s largest_gap=9.6ms

Scenario duration complete.

Stopping...
Motors stopped and disarmed.
SD card flushed and unmounted.

=== Summary ===
Session: /sd/dshot_captures/2026-09-29_07-50-49
Outcome: completed
Records (captures seen for the first time): 797
Records with a real (non-all-zero) reply: 797
Captures published (last sequence per motor): {0: 4677, 2: 4677}
Captures published but never seen: 4012
Largest gap between records: 17.7ms
Oldest capture at the moment it was read: 14.6ms
Longest gap between update() calls (measured on Core 1): 14.4ms
Packets sent while arming: 1874 (min 770us, max 14366us, avg 1125us)
Motor 0 decoded on the device (every 20th capture): decoded=39 crc_ok=39 crc_fail=0 invalid=0 median_erpm=21866
Motor 2 decoded on the device (every 20th capture): decoded=39 crc_ok=39 crc_fail=0 invalid=0 median_erpm=22455
=== Test Complete ===
