=== Scenario Capture ===
Loaded scenario: duration=3000ms dshot_speed=4800000 bidir_motors=[0, 2] core1_interval_us=None arming_frame_gap_us=0
Session: /sd/dshot_captures/2026-09-29_07-34-02

Arming for 2000ms...
Armed after 2125ms.

Running scenario for 3000ms...
  [    1.0s] records=258 nonzero=258 missed=1491 rate=257.5/s largest_gap=9.9ms
  [    2.0s] records=517 nonzero=517 missed=2957 rate=257.9/s largest_gap=9.9ms

Scenario duration complete.

Stopping...
Motors stopped and disarmed.
SD card flushed and unmounted.

=== Summary ===
Session: /sd/dshot_captures/2026-09-29_07-34-02
Outcome: completed
Records (captures seen for the first time): 767
Records with a real (non-all-zero) reply: 767
Captures published (last sequence per motor): {0: 4980, 2: 4980}
Captures published but never seen: 4402
Largest gap between records: 17.9ms
Oldest capture at the moment it was read: 14.9ms
Longest gap between update() calls (measured on Core 1): 14.9ms
Packets sent while arming: 2012 (min 612us, max 14628us, avg 1044us)
Motor 0 ground-truth captures while arming (not_running/low/other): 1611/0/3376
Motor 2 ground-truth captures while arming (not_running/low/other): 1612/0/3375
Motor 0 decoded on the device (every 20th capture): decoded=38 crc_ok=38 crc_fail=0 invalid=0 median_erpm=22388
Motor 2 decoded on the device (every 20th capture): decoded=38 crc_ok=38 crc_fail=0 invalid=0 median_erpm=22388
=== Test Complete ===
