=== Scenario Capture ===
Loaded scenario: duration=3000ms dshot_speed=4800000 bidir_motors=[0, 2] core1_interval_us=None
Session: /sd/dshot_captures/2026-09-27_20-18-44

Arming for 2000ms...
Armed after 4542ms.

Running scenario for 3000ms...
  [    1.0s] records=258 nonzero=258 missed=2112 rate=257.5/s largest_gap=9.5ms
  [    2.0s] records=517 nonzero=517 missed=4179 rate=258.1/s largest_gap=9.5ms

Scenario duration complete.

Stopping...
Motors stopped and disarmed.
SD card flushed and unmounted.

=== Summary ===
Session: /sd/dshot_captures/2026-09-27_20-18-44
Outcome: completed
Records (captures seen for the first time): 769
Records with a real (non-all-zero) reply: 769
Captures published (last sequence per motor): {0: 9603, 2: 9603}
Captures published but never seen: 6228
Largest gap between records: 12.0ms
Oldest capture at the moment it was read: 8.9ms
Longest gap between update() calls (measured on Core 1): 8.5ms
Motor 0 decoded on the device (every 20th capture): decoded=38 crc_ok=38 crc_fail=0 invalid=0 median_erpm=21307
Motor 2 decoded on the device (every 20th capture): decoded=38 crc_ok=38 crc_fail=0 invalid=0 median_erpm=21614
=== Test Complete ===
