=== Scenario Capture ===
Loaded scenario: duration=3000ms dshot_speed=4800000 bidir_motors=[0, 2] core1_interval_us=None arming_frame_gap_us=0
Session: /sd/dshot_captures/2026-09-28_20-39-25

Arming for 2000ms...
Armed after 4596ms.

Running scenario for 3000ms...
  [    1.0s] records=259 nonzero=259 missed=1485 rate=258.2/s largest_gap=9.7ms
  [    2.0s] records=513 nonzero=513 missed=2920 rate=255.9/s largest_gap=16.3ms

Scenario duration complete.

Stopping...
Motors stopped and disarmed.
SD card flushed and unmounted.

=== Summary ===
Session: /sd/dshot_captures/2026-09-28_20-39-25
Outcome: completed
Records (captures seen for the first time): 765
Records with a real (non-all-zero) reply: 765
Captures published (last sequence per motor): {0: 7081, 2: 7081}
Captures published but never seen: 4384
Largest gap between records: 16.3ms
Oldest capture at the moment it was read: 2.4ms
Longest gap between update() calls (measured on Core 1): 14.9ms
Packets sent while arming: 4126 (min 221us, max 14869us, avg 1108us)
Motor 0 ground-truth captures while arming (not_running/low/other): 3728/0/3360
Motor 2 reboot log (ms since arm(), duration ms, source): [(1856, 602, 'low')]
Motor 2 ground-truth captures while arming (not_running/low/other): 1419/524/5145
Motor 0 decoded on the device (every 20th capture): decoded=38 crc_ok=38 crc_fail=0 invalid=0 median_erpm=22523
Motor 2 decoded on the device (every 20th capture): decoded=38 crc_ok=38 crc_fail=0 invalid=0 median_erpm=22523
=== Test Complete ===
