=== Scenario Capture ===
Loaded scenario: duration=3000ms dshot_speed=4800000 bidir_motors=[0, 2] core1_interval_us=None arming_frame_gap_us=0
Session: /sd/dshot_captures/2026-09-28_20-20-52

Arming for 2000ms...
Armed after 2124ms.

Running scenario for 3000ms...
  [    1.0s] records=255 nonzero=255 missed=1542 rate=254.5/s largest_gap=9.8ms
  [    2.0s] records=509 nonzero=509 missed=3064 rate=254.2/s largest_gap=9.8ms

Scenario duration complete.

Stopping...
Motors stopped and disarmed.
SD card flushed and unmounted.

=== Summary ===
Session: /sd/dshot_captures/2026-09-28_20-20-52
Outcome: completed
Records (captures seen for the first time): 754
Records with a real (non-all-zero) reply: 754
Captures published (last sequence per motor): {0: 5059, 2: 5060}
Captures published but never seen: 4565
Largest gap between records: 25.0ms
Oldest capture at the moment it was read: 2.2ms
Longest gap between update() calls (measured on Core 1): 14.6ms
Packets sent while arming: 2024 (min 257us, max 14647us, avg 1038us)
Motor 0 ground-truth captures while arming (not_running/low/other): 1621/0/3445
Motor 2 ground-truth captures while arming (not_running/low/other): 1620/0/3446
Motor 0 decoded on the device (every 20th capture): decoded=37 crc_ok=37 crc_fail=0 invalid=0 median_erpm=21930
Motor 2 decoded on the device (every 20th capture): decoded=37 crc_ok=37 crc_fail=0 invalid=0 median_erpm=22455
=== Test Complete ===
