=== Scenario Capture ===
Loaded scenario: duration=3000ms dshot_speed=4800000 bidir_motors=[0, 2] core1_interval_us=None arming_frame_gap_us=0
Session: /sd/dshot_captures/2026-09-28_20-20-02

Arming for 2000ms...
Armed after 7053ms.

Running scenario for 3000ms...
  [    1.0s] records=256 nonzero=256 missed=1535 rate=256.0/s largest_gap=9.1ms
  [    2.0s] records=505 nonzero=505 missed=3032 rate=252.5/s largest_gap=16.6ms
  [    3.0s] records=756 nonzero=756 missed=4562 rate=251.8/s largest_gap=16.6ms

Scenario duration complete.

Stopping...
Motors stopped and disarmed.
SD card flushed and unmounted.

=== Summary ===
Session: /sd/dshot_captures/2026-09-28_20-20-02
Outcome: completed
Records (captures seen for the first time): 756
Records with a real (non-all-zero) reply: 756
Captures published (last sequence per motor): {0: 9364, 2: 9364}
Captures published but never seen: 4562
Largest gap between records: 16.6ms
Oldest capture at the moment it was read: 2.2ms
Longest gap between update() calls (measured on Core 1): 15.1ms
Packets sent while arming: 6329 (min 254us, max 15062us, avg 1110us)
Motor 0 ground-truth captures while arming (not_running/low/other): 5923/0/3449
Motor 2 ground-truth captures while arming (not_running/low/other): 1434/1060/6878
Motor 0 decoded on the device (every 20th capture): decoded=37 crc_ok=37 crc_fail=0 invalid=0 median_erpm=21930
Motor 2 decoded on the device (every 20th capture): decoded=37 crc_ok=37 crc_fail=0 invalid=0 median_erpm=22455
=== Test Complete ===
